Archive member included to satisfy reference by file (symbol)

c:/nxp/lpcxpresso_8.2.2_650/lpcxpresso/tools/bin/../lib/gcc/arm-none-eabi/5.4.1/armv7-m\libgcc.a(_arm_addsubdf3.o)
                              ./Walk/Protected/InverseKinematics.o (__aeabi_dsub)
c:/nxp/lpcxpresso_8.2.2_650/lpcxpresso/tools/bin/../lib/gcc/arm-none-eabi/5.4.1/armv7-m\libgcc.a(_arm_muldivdf3.o)
                              ./Walk/Protected/InverseKinematics.o (__aeabi_dmul)
c:/nxp/lpcxpresso_8.2.2_650/lpcxpresso/tools/bin/../lib/gcc/arm-none-eabi/5.4.1/armv7-m\libgcc.a(_arm_cmpdf2.o)
                              ./Walk/ParallelLeg.o (__aeabi_dcmpeq)
c:/nxp/lpcxpresso_8.2.2_650/lpcxpresso/tools/bin/../lib/gcc/arm-none-eabi/5.4.1/armv7-m\libgcc.a(_arm_fixdfsi.o)
                              ./mbed-src/targets/hal/TARGET_NXP/TARGET_LPC176X/spi_api.o (__aeabi_d2iz)
c:/nxp/lpcxpresso_8.2.2_650/lpcxpresso/tools/bin/../lib/gcc/arm-none-eabi/5.4.1/armv7-m\libgcc.a(_arm_truncdfsf2.o)
                              ./mbed-src/targets/hal/TARGET_NXP/TARGET_LPC176X/serial_api.o (__aeabi_d2f)
c:/nxp/lpcxpresso_8.2.2_650/lpcxpresso/tools/bin/../lib/gcc/arm-none-eabi/5.4.1/armv7-m\libgcc.a(_arm_addsubsf3.o)
                              ./mbed-src/targets/hal/TARGET_NXP/TARGET_LPC176X/serial_api.o (__aeabi_fsub)
c:/nxp/lpcxpresso_8.2.2_650/lpcxpresso/tools/bin/../lib/gcc/arm-none-eabi/5.4.1/armv7-m\libgcc.a(_arm_muldivsf3.o)
                              ./mbed-src/targets/hal/TARGET_NXP/TARGET_LPC176X/analogin_api.o (__aeabi_fmul)
c:/nxp/lpcxpresso_8.2.2_650/lpcxpresso/tools/bin/../lib/gcc/arm-none-eabi/5.4.1/armv7-m\libgcc.a(_arm_cmpsf2.o)
                              ./PID.o (__aeabi_fcmpeq)
c:/nxp/lpcxpresso_8.2.2_650/lpcxpresso/tools/bin/../lib/gcc/arm-none-eabi/5.4.1/armv7-m\libgcc.a(_arm_fixsfsi.o)
                              ./mbed-src/targets/hal/TARGET_NXP/TARGET_LPC176X/analogout_api.o (__aeabi_f2iz)
c:/nxp/lpcxpresso_8.2.2_650/lpcxpresso/tools/bin/../lib/gcc/arm-none-eabi/5.4.1/armv7-m\libgcc.a(_arm_fixunssfsi.o)
                              ./mbed-src/targets/hal/TARGET_NXP/TARGET_LPC176X/pwmout_api.o (__aeabi_f2uiz)
c:/nxp/lpcxpresso_8.2.2_650/lpcxpresso/tools/bin/../lib/gcc/arm-none-eabi/5.4.1/armv7-m\libgcc.a(_aeabi_uldivmod.o)
                              ./mbed-src/targets/cmsis/TARGET_NXP/TARGET_LPC176X/system_LPC17xx.o (__aeabi_uldivmod)
c:/nxp/lpcxpresso_8.2.2_650/lpcxpresso/tools/bin/../lib/gcc/arm-none-eabi/5.4.1/armv7-m\libgcc.a(_udivmoddi4.o)
                              c:/nxp/lpcxpresso_8.2.2_650/lpcxpresso/tools/bin/../lib/gcc/arm-none-eabi/5.4.1/armv7-m\libgcc.a(_aeabi_uldivmod.o) (__udivmoddi4)
c:/nxp/lpcxpresso_8.2.2_650/lpcxpresso/tools/bin/../lib/gcc/arm-none-eabi/5.4.1/armv7-m\libgcc.a(_dvmd_tls.o)
                              c:/nxp/lpcxpresso_8.2.2_650/lpcxpresso/tools/bin/../lib/gcc/arm-none-eabi/5.4.1/armv7-m\libgcc.a(_aeabi_uldivmod.o) (__aeabi_ldiv0)
c:/nxp/lpcxpresso_8.2.2_650/lpcxpresso/tools/bin/../lib/gcc/arm-none-eabi/5.4.1/../../../../arm-none-eabi/lib/armv7-m\libc.a(lib_a-errno.o)
                              ./mbed-src/common/retarget.o (__errno)
c:/nxp/lpcxpresso_8.2.2_650/lpcxpresso/tools/bin/../lib/gcc/arm-none-eabi/5.4.1/../../../../arm-none-eabi/lib/armv7-m\libc.a(lib_a-fclose.o)
                              ./mbed-src/common/Stream.o (fclose)
c:/nxp/lpcxpresso_8.2.2_650/lpcxpresso/tools/bin/../lib/gcc/arm-none-eabi/5.4.1/../../../../arm-none-eabi/lib/armv7-m\libc.a(lib_a-fflush.o)
                              c:/nxp/lpcxpresso_8.2.2_650/lpcxpresso/tools/bin/../lib/gcc/arm-none-eabi/5.4.1/../../../../arm-none-eabi/lib/armv7-m\libc.a(lib_a-fclose.o) (__sflush_r)
c:/nxp/lpcxpresso_8.2.2_650/lpcxpresso/tools/bin/../lib/gcc/arm-none-eabi/5.4.1/../../../../arm-none-eabi/lib/armv7-m\libc.a(lib_a-fgetc.o)
                              ./mbed-src/common/Stream.o (fgetc)
c:/nxp/lpcxpresso_8.2.2_650/lpcxpresso/tools/bin/../lib/gcc/arm-none-eabi/5.4.1/../../../../arm-none-eabi/lib/armv7-m\libc.a(lib_a-fgets.o)
                              ./mbed-src/common/Stream.o (fgets)
c:/nxp/lpcxpresso_8.2.2_650/lpcxpresso/tools/bin/../lib/gcc/arm-none-eabi/5.4.1/../../../../arm-none-eabi/lib/armv7-m\libc.a(lib_a-findfp.o)
                              c:/nxp/lpcxpresso_8.2.2_650/lpcxpresso/tools/bin/../lib/gcc/arm-none-eabi/5.4.1/../../../../arm-none-eabi/lib/armv7-m\libc.a(lib_a-fclose.o) (__sinit)
c:/nxp/lpcxpresso_8.2.2_650/lpcxpresso/tools/bin/../lib/gcc/arm-none-eabi/5.4.1/../../../../arm-none-eabi/lib/armv7-m\libc.a(lib_a-fopen.o)
                              ./mbed-src/common/Stream.o (fopen)
c:/nxp/lpcxpresso_8.2.2_650/lpcxpresso/tools/bin/../lib/gcc/arm-none-eabi/5.4.1/../../../../arm-none-eabi/lib/armv7-m\libc.a(lib_a-fprintf.o)
                              ./mbed-src/targets/hal/TARGET_NXP/TARGET_LPC176X/analogin_api.o (fprintf)
[...]
Memory Configuration

Name             Origin             Length             Attributes
MFlash512        0x00000000         0x00080000         xr
RamLoc32         0x100000c8         0x00007f38         xrw
RamAHB32         0x2007c000         0x00008000         xrw
*default*        0x00000000         0xffffffff

Linker script and memory map

LOAD ./mbed-src/targets/hal/TARGET_NXP/TARGET_LPC176X/analogin_api.o
LOAD ./mbed-src/targets/hal/TARGET_NXP/TARGET_LPC176X/analogout_api.o
LOAD ./mbed-src/targets/hal/TARGET_NXP/TARGET_LPC176X/can_api.o
LOAD ./mbed-src/targets/hal/TARGET_NXP/TARGET_LPC176X/ethernet_api.o
LOAD ./mbed-src/targets/hal/TARGET_NXP/TARGET_LPC176X/gpio_api.o
LOAD ./mbed-src/targets/hal/TARGET_NXP/TARGET_LPC176X/gpio_irq_api.o
LOAD ./mbed-src/targets/hal/TARGET_NXP/TARGET_LPC176X/i2c_api.o
LOAD ./mbed-src/targets/hal/TARGET_NXP/TARGET_LPC176X/pinmap.o
LOAD ./mbed-src/targets/hal/TARGET_NXP/TARGET_LPC176X/port_api.o
LOAD ./mbed-src/targets/hal/TARGET_NXP/TARGET_LPC176X/pwmout_api.o
LOAD ./mbed-src/targets/hal/TARGET_NXP/TARGET_LPC176X/rtc_api.o
LOAD ./mbed-src/targets/hal/TARGET_NXP/TARGET_LPC176X/serial_api.o
LOAD ./mbed-src/targets/hal/TARGET_NXP/TARGET_LPC176X/sleep.o
LOAD ./mbed-src/targets/hal/TARGET_NXP/TARGET_LPC176X/spi_api.o
LOAD ./mbed-src/targets/hal/TARGET_NXP/TARGET_LPC176X/us_ticker.o
LOAD ./mbed-src/targets/cmsis/TARGET_NXP/TARGET_LPC176X/TOOLCHAIN_GCC_CR/startup_LPC17xx.o
LOAD ./mbed-src/targets/cmsis/TARGET_NXP/TARGET_LPC176X/cmsis_nvic.o
LOAD ./mbed-src/targets/cmsis/TARGET_NXP/TARGET_LPC176X/system_LPC17xx.o
LOAD ./mbed-src/common/BusIn.o
LOAD ./mbed-src/common/BusInOut.o
LOAD ./mbed-src/common/BusOut.o
LOAD ./mbed-src/common/CAN.o
LOAD ./mbed-src/common/CallChain.o
LOAD ./mbed-src/common/Ethernet.o
LOAD ./mbed-src/common/FileBase.o
LOAD ./mbed-src/common/FileLike.o
LOAD ./mbed-src/common/FilePath.o
LOAD ./mbed-src/common/FileSystemLike.o
LOAD ./mbed-src/common/FunctionPointer.o
LOAD ./mbed-src/common/I2C.o
LOAD ./mbed-src/common/I2CSlave.o
LOAD ./mbed-src/common/InterruptIn.o
LOAD ./mbed-src/common/InterruptManager.o
LOAD ./mbed-src/common/LocalFileSystem.o
LOAD ./mbed-src/common/RawSerial.o
LOAD ./mbed-src/common/SPI.o
LOAD ./mbed-src/common/SPISlave.o
LOAD ./mbed-src/common/Serial.o
LOAD ./mbed-src/common/SerialBase.o
LOAD ./mbed-src/common/Stream.o
LOAD ./mbed-src/common/Ticker.o
LOAD ./mbed-src/common/Timeout.o
LOAD ./mbed-src/common/Timer.o
LOAD ./mbed-src/common/TimerEvent.o
LOAD ./mbed-src/common/board.o
LOAD ./mbed-src/common/exit.o
LOAD ./mbed-src/common/mbed_interface.o
LOAD ./mbed-src/common/pinmap_common.o
LOAD ./mbed-src/common/retarget.o
LOAD ./mbed-src/common/rtc_time.o
LOAD ./mbed-src/common/semihost_api.o
LOAD ./mbed-src/common/us_ticker_api.o
LOAD ./mbed-src/common/wait_api.o
LOAD ./Walk/Protected/InverseKinematics.o
LOAD ./Walk/CANs/CANProtocol.o
LOAD ./Walk/CANs/CANReceiver.o
LOAD ./Walk/CANs/CANSender.o
LOAD ./Walk/ClockTimer.o
LOAD ./Walk/ForwardKinematics.o
LOAD ./Walk/LegPID.o
LOAD ./Walk/MRMode.o
LOAD ./Walk/ParallelLeg.o
LOAD ./Walk/SingleLeg.o
LOAD ./QEI/QEI.o
LOAD ./QEI/QEI_freePin.o
LOAD ./QEI/SingleLegQEI.o
LOAD ./PID.o
LOAD ./Pins.o
LOAD ./functions.o
LOAD ./main.o
START GROUP
LOAD c:/nxp/lpcxpresso_8.2.2_650/lpcxpresso/tools/bin/../lib/gcc/arm-none-eabi/5.4.1/armv7-m\libgcc.a
LOAD c:/nxp/lpcxpresso_8.2.2_650/lpcxpresso/tools/bin/../lib/gcc/arm-none-eabi/5.4.1/../../../../arm-none-eabi/lib/armv7-m\libc.a
LOAD c:/nxp/lpcxpresso_8.2.2_650/lpcxpresso/tools/bin/../lib/gcc/arm-none-eabi/5.4.1/../../../../arm-none-eabi/lib/armv7-m\libstdc++.a
LOAD c:/nxp/lpcxpresso_8.2.2_650/lpcxpresso/tools/bin/../lib/gcc/arm-none-eabi/5.4.1/../../../../arm-none-eabi/lib/armv7-m\libm.a
LOAD c:/nxp/lpcxpresso_8.2.2_650/lpcxpresso/tools/bin/../lib/gcc/arm-none-eabi/5.4.1/../../../../arm-none-eabi/lib/armv7-m\libcr_newlib_nohost.a
LOAD c:/nxp/lpcxpresso_8.2.2_650/lpcxpresso/tools/bin/../lib/gcc/arm-none-eabi/5.4.1/armv7-m\crti.o
LOAD c:/nxp/lpcxpresso_8.2.2_650/lpcxpresso/tools/bin/../lib/gcc/arm-none-eabi/5.4.1/armv7-m\crtn.o
LOAD c:/nxp/lpcxpresso_8.2.2_650/lpcxpresso/tools/bin/../lib/gcc/arm-none-eabi/5.4.1/armv7-m\crtbegin.o
LOAD c:/nxp/lpcxpresso_8.2.2_650/lpcxpresso/tools/bin/../lib/gcc/arm-none-eabi/5.4.1/armv7-m\crtend.o
END GROUP
                0x00080000                __top_MFlash512 = 0x80000
                0x10008000                __top_RamLoc32 = 0x10008000
                0x20084000                __top_RamAHB32 = 0x20084000

.text           0x00000000    0x10724
 FILL mask 0xff
 *(.isr_vector)
 .isr_vector    0x00000000       0xcc ./mbed-src/targets/cmsis/TARGET_NXP/TARGET_LPC176X/TOOLCHAIN_GCC_CR/startup_LPC17xx.o
                0x00000000                g_pfnVectors
                0x000000cc                . = ALIGN (0x4)
                0x000000cc                __section_table_start = .
                0x000000cc                __data_section_table = .
                0x000000cc        0x4 LONG 0x10874 LOADADDR (.data)
                0x000000d0        0x4 LONG 0x100000c8 ADDR (.data)
                0x000000d4        0x4 LONG 0x8c8 SIZEOF (.data)
                0x000000d8        0x4 LONG 0x10874 LOADADDR (.data_RAM2)
                0x000000dc        0x4 LONG 0x2007c000 ADDR (.data_RAM2)
                0x000000e0        0x4 LONG 0x0 SIZEOF (.data_RAM2)
                0x000000e4                __data_section_table_end = .
                0x000000e4                __bss_section_table = .
                0x000000e4        0x4 LONG 0x10000990 ADDR (.bss)
                0x000000e8        0x4 LONG 0x9d4 SIZEOF (.bss)
                0x000000ec        0x4 LONG 0x2007c000 ADDR (.bss_RAM2)
                0x000000f0        0x4 LONG 0x0 SIZEOF (.bss_RAM2)
                0x000000f4                __bss_section_table_end = .
                0x000000f4                __section_table_end = .
 *(.after_vectors*)
 .after_vectors
                0x000000f4      0x170 ./mbed-src/targets/cmsis/TARGET_NXP/TARGET_LPC176X/TOOLCHAIN_GCC_CR/startup_LPC17xx.o
                0x000000f4                data_init
                0x00000138                bss_init
                0x00000170                ResetISR
                0x000001ec                NMI_Handler
                0x000001f8                HardFault_Handler
                0x00000204                MemManage_Handler
                0x00000210                BusFault_Handler
                0x0000021c                UsageFault_Handler
                0x00000228                SVCall_Handler
                0x00000234                DebugMon_Handler
                0x00000240                PendSV_Handler
                0x0000024c                SysTick_Handler
                0x00000258                EINT2_IRQHandler
                0x00000258                UART1_IRQHandler
                0x00000258                EINT3_IRQHandler
                0x00000258                CANActivity_IRQHandler
                0x00000258                TIMER3_IRQHandler
                0x00000258                UART0_IRQHandler
                0x00000258                USBActivity_IRQHandler
                0x00000258                I2C1_IRQHandler
                0x00000258                IntDefaultHandler
                0x00000258                PLL0_IRQHandler
                0x00000258                I2C0_IRQHandler
                0x00000258                PLL1_IRQHandler
                0x00000258                PWM1_IRQHandler
                0x00000258                I2S_IRQHandler
                0x00000258                I2C2_IRQHandler
                0x00000258                RTC_IRQHandler
                0x00000258                TIMER0_IRQHandler
                0x00000258                SPI_IRQHandler
                0x00000258                RIT_IRQHandler
                0x00000258                EINT1_IRQHandler
                0x00000258                TIMER1_IRQHandler
                0x00000258                UART2_IRQHandler
                0x00000258                ADC_IRQHandler
                0x00000258                SSP1_IRQHandler
                0x00000258                USB_IRQHandler
                0x00000258                BOD_IRQHandler
                0x00000258                SSP0_IRQHandler
                0x00000258                WDT_IRQHandler
                0x00000258                QEI_IRQHandler
                0x00000258                EINT0_IRQHandler
                0x00000258                TIMER2_IRQHandler
                0x00000258                DMA_IRQHandler
                0x00000258                CAN_IRQHandler
                0x00000258                UART3_IRQHandler
                0x00000258                MCPWM_IRQHandler
                0x00000258                ENET_IRQHandler
 *(.text*)
 .text.NVIC_DisableIRQ
                0x00000264       0x34 ./mbed-src/targets/hal/TARGET_NXP/TARGET_LPC176X/can_api.o
 .text.can_disable
                0x00000298       0x2c ./mbed-src/targets/hal/TARGET_NXP/TARGET_LPC176X/can_api.o
 .text.can_irq_init
                0x000002c4       0x30 ./mbed-src/targets/hal/TARGET_NXP/TARGET_LPC176X/can_api.o
                0x000002c4                can_irq_init
 .text.can_irq_free
                0x000002f4       0x48 ./mbed-src/targets/hal/TARGET_NXP/TARGET_LPC176X/can_api.o
                0x000002f4                can_irq_free
 .text.can_pclk
                0x0000033c       0x70 ./mbed-src/targets/hal/TARGET_NXP/TARGET_LPC176X/can_api.o
 .text.can_speed
                0x000003ac       0xcc ./mbed-src/targets/hal/TARGET_NXP/TARGET_LPC176X/can_api.o
 .text.can_init
                0x00000478      0x100 ./mbed-src/targets/hal/TARGET_NXP/TARGET_LPC176X/can_api.o
                0x00000478                can_init
 .text.can_free
                0x00000578       0x54 ./mbed-src/targets/hal/TARGET_NXP/TARGET_LPC176X/can_api.o
                0x00000578                can_free
 .text.can_frequency
                0x000005cc       0x54 ./mbed-src/targets/hal/TARGET_NXP/TARGET_LPC176X/can_api.o
                0x000005cc                can_frequency
 .text.can_reset
                0x00000620       0x20 ./mbed-src/targets/hal/TARGET_NXP/TARGET_LPC176X/can_api.o
                0x00000620                can_reset
 .text.gpio_set
                0x00000640       0x24 ./mbed-src/targets/hal/TARGET_NXP/TARGET_LPC176X/gpio_api.o
                0x00000640                gpio_set
 .text.gpio_init
                0x00000664       0x88 ./mbed-src/targets/hal/TARGET_NXP/TARGET_LPC176X/gpio_api.o
                0x00000664                gpio_init
 .text.gpio_mode
                0x000006ec       0x24 ./mbed-src/targets/hal/TARGET_NXP/TARGET_LPC176X/gpio_api.o
                0x000006ec                gpio_mode
 .text.gpio_dir
                0x00000710       0x4c ./mbed-src/targets/hal/TARGET_NXP/TARGET_LPC176X/gpio_api.o
                0x00000710                gpio_dir
 .text.NVIC_EnableIRQ
                0x0000075c       0x30 ./mbed-src/targets/hal/TARGET_NXP/TARGET_LPC176X/gpio_irq_api.o
 .text.handle_interrupt_in
                0x0000078c      0x1d4 ./mbed-src/targets/hal/TARGET_NXP/TARGET_LPC176X/gpio_irq_api.o
 .text.gpio_irq_init
                0x00000960       0xbc ./mbed-src/targets/hal/TARGET_NXP/TARGET_LPC176X/gpio_irq_api.o
                0x00000960                gpio_irq_init
 .text.gpio_irq_free
                0x00000a1c       0x24 ./mbed-src/targets/hal/TARGET_NXP/TARGET_LPC176X/gpio_irq_api.o
                0x00000a1c                gpio_irq_free
 .text.gpio_irq_set
                0x00000a40      0x154 ./mbed-src/targets/hal/TARGET_NXP/TARGET_LPC176X/gpio_irq_api.o
                0x00000a40                gpio_irq_set
 .text.pin_function
                0x00000b94       0x74 ./mbed-src/targets/hal/TARGET_NXP/TARGET_LPC176X/pinmap.o
                0x00000b94                pin_function
 .text.pin_mode
                0x00000c08       0xdc ./mbed-src/targets/hal/TARGET_NXP/TARGET_LPC176X/pinmap.o
                0x00000c08                pin_mode
 .text.pwmout_init
                0x00000ce4       0xd8 ./mbed-src/targets/hal/TARGET_NXP/TARGET_LPC176X/pwmout_api.o
                0x00000ce4                pwmout_init
 .text.pwmout_write
                0x00000dbc       0x90 ./mbed-src/targets/hal/TARGET_NXP/TARGET_LPC176X/pwmout_api.o
                0x00000dbc                pwmout_write
 .text.pwmout_period_ms
                0x00000e4c       0x24 ./mbed-src/targets/hal/TARGET_NXP/TARGET_LPC176X/pwmout_api.o
                0x00000e4c                pwmout_period_ms
 .text.pwmout_period_us
                0x00000e70       0x68 ./mbed-src/targets/hal/TARGET_NXP/TARGET_LPC176X/pwmout_api.o
                0x00000e70                pwmout_period_us
 .text.serial_init
                0x00000ed8      0x1a8 ./mbed-src/targets/hal/TARGET_NXP/TARGET_LPC176X/serial_api.o
                0x00000ed8                serial_init
 .text.serial_baud
                0x00001080      0x2d8 ./mbed-src/targets/hal/TARGET_NXP/TARGET_LPC176X/serial_api.o
                0x00001080                serial_baud
 .text.serial_format
                0x00001358      0x108 ./mbed-src/targets/hal/TARGET_NXP/TARGET_LPC176X/serial_api.o
                0x00001358                serial_format
 .text.serial_irq_handler
                0x00001460       0x30 ./mbed-src/targets/hal/TARGET_NXP/TARGET_LPC176X/serial_api.o
                0x00001460                serial_irq_handler
 .text.serial_getc
                0x00001490       0x28 ./mbed-src/targets/hal/TARGET_NXP/TARGET_LPC176X/serial_api.o
                0x00001490                serial_getc
 .text.serial_putc
                0x000014b8       0x38 ./mbed-src/targets/hal/TARGET_NXP/TARGET_LPC176X/serial_api.o
                0x000014b8                serial_putc
 .text.serial_readable
                0x000014f0       0x20 ./mbed-src/targets/hal/TARGET_NXP/TARGET_LPC176X/serial_api.o
                0x000014f0                serial_readable
 .text.serial_writable
                0x00001510       0x3c ./mbed-src/targets/hal/TARGET_NXP/TARGET_LPC176X/serial_api.o
                0x00001510                serial_writable
 .text.NVIC_EnableIRQ
                0x0000154c       0x30 ./mbed-src/targets/hal/TARGET_NXP/TARGET_LPC176X/us_ticker.o
 .text.us_ticker_init
                0x0000157c       0x84 ./mbed-src/targets/hal/TARGET_NXP/TARGET_LPC176X/us_ticker.o
                0x0000157c                us_ticker_init
 .text.us_ticker_read
                0x00001600       0x20 ./mbed-src/targets/hal/TARGET_NXP/TARGET_LPC176X/us_ticker.o
                0x00001600                us_ticker_read
 .text.us_ticker_set_interrupt
                0x00001620       0x28 ./mbed-src/targets/hal/TARGET_NXP/TARGET_LPC176X/us_ticker.o
                0x00001620                us_ticker_set_interrupt
 .text.us_ticker_disable_interrupt
                0x00001648       0x1c ./mbed-src/targets/hal/TARGET_NXP/TARGET_LPC176X/us_ticker.o
                0x00001648                us_ticker_disable_interrupt
 .text.us_ticker_clear_interrupt
                0x00001664       0x18 ./mbed-src/targets/hal/TARGET_NXP/TARGET_LPC176X/us_ticker.o
                0x00001664                us_ticker_clear_interrupt
 .text.__aeabi_atexit
                0x0000167c       0x18 ./mbed-src/targets/cmsis/TARGET_NXP/TARGET_LPC176X/TOOLCHAIN_GCC_CR/startup_LPC17xx.o
                0x0000167c                __aeabi_atexit
 .text._Znwj    0x00001694       0x18 ./mbed-src/targets/cmsis/TARGET_NXP/TARGET_LPC176X/TOOLCHAIN_GCC_CR/startup_LPC17xx.o
                0x00001694                operator new(unsigned int)
 .text._ZdlPv   0x000016ac       0x18 ./mbed-src/targets/cmsis/TARGET_NXP/TARGET_LPC176X/TOOLCHAIN_GCC_CR/startup_LPC17xx.o
                0x000016ac                operator delete(void*)
 .text.NVIC_SetVector
                0x000016c4       0x70 ./mbed-src/targets/cmsis/TARGET_NXP/TARGET_LPC176X/cmsis_nvic.o
                0x000016c4                NVIC_SetVector
 .text.SystemInit
                0x00001734       0xf4 ./mbed-src/targets/cmsis/TARGET_NXP/TARGET_LPC176X/system_LPC17xx.o
                0x00001734                SystemInit
 .text._ZN4mbed9DigitalInC2E7PinName
                0x00001828       0x20 ./mbed-src/common/BusIn.o
                0x00001828                mbed::DigitalIn::DigitalIn(PinName)
                0x00001828                mbed::DigitalIn::DigitalIn(PinName)
 .text.gpio_write
                0x00001848       0x30 ./mbed-src/common/BusOut.o
 .text._ZN4mbed10DigitalOutC2E7PinName
                0x00001878       0x20 ./mbed-src/common/BusOut.o
                0x00001878                mbed::DigitalOut::DigitalOut(PinName)
                0x00001878                mbed::DigitalOut::DigitalOut(PinName)
 .text._ZN4mbed10DigitalOut5writeEi
                0x00001898       0x1c ./mbed-src/common/BusOut.o
                0x00001898                mbed::DigitalOut::write(int)
 .text._ZN4mbed3CANC2E7PinNameS1_
                0x000018b4       0x5c ./mbed-src/common/CAN.o
                0x000018b4                mbed::CAN::CAN(PinName, PinName)
                0x000018b4                mbed::CAN::CAN(PinName, PinName)
 .text._ZN4mbed3CAND2Ev
                0x00001910       0x3c ./mbed-src/common/CAN.o
                0x00001910                mbed::CAN::~CAN()
                0x00001910                mbed::CAN::~CAN()
 .text._ZN4mbed3CAND0Ev
                0x0000194c       0x20 ./mbed-src/common/CAN.o
                0x0000194c                mbed::CAN::~CAN()
 .text._ZN4mbed3CAN12_irq_handlerEm10CanIrqType
                0x0000196c       0x30 ./mbed-src/common/CAN.o
                0x0000196c                mbed::CAN::_irq_handler(unsigned long, CanIrqType)
 .text._ZN4mbed8FileBaseC2EPKcNS_8PathTypeE
                0x0000199c       0x50 ./mbed-src/common/FileBase.o
                0x0000199c                mbed::FileBase::FileBase(char const*, mbed::PathType)
                0x0000199c                mbed::FileBase::FileBase(char const*, mbed::PathType)
 .text._ZN4mbed8FileBaseD2Ev
                0x000019ec       0x68 ./mbed-src/common/FileBase.o
                0x000019ec                mbed::FileBase::~FileBase()
                0x000019ec                mbed::FileBase::~FileBase()
 .text._ZN4mbed8FileBaseD0Ev
                0x00001a54       0x20 ./mbed-src/common/FileBase.o
                0x00001a54                mbed::FileBase::~FileBase()
 .text._ZN4mbed8FileBase6lookupEPKcj
                0x00001a74       0x68 ./mbed-src/common/FileBase.o
                0x00001a74                mbed::FileBase::lookup(char const*, unsigned int)
 .text._ZN4mbed8FileBase11getPathTypeEv
                0x00001adc       0x18 ./mbed-src/common/FileBase.o
                0x00001adc                mbed::FileBase::getPathType()
 .text._ZN4mbed10FileHandle4flenEv
                0x00001af4       0x54 ./mbed-src/common/FileLike.o
                0x00001af4                mbed::FileHandle::flen()
 .text._ZN4mbed10FileHandleC2Ev
                0x00001b48       0x20 ./mbed-src/common/FileLike.o
                0x00001b48                mbed::FileHandle::FileHandle()
                0x00001b48                mbed::FileHandle::FileHandle()
 .text._ZN4mbed8FileLikeC2EPKc
                0x00001b68       0x40 ./mbed-src/common/FileLike.o
                0x00001b68                mbed::FileLike::FileLike(char const*)
                0x00001b68                mbed::FileLike::FileLike(char const*)
 .text._ZN4mbed8FileLikeD2Ev
                0x00001ba8       0x44 ./mbed-src/common/FileLike.o
                0x00001ba8                mbed::FileLike::~FileLike()
                0x00001ba8                mbed::FileLike::~FileLike()
 .text._ZN4mbed8FilePathC2EPKc
                0x00001bec       0x88 ./mbed-src/common/FilePath.o
                0x00001bec                mbed::FilePath::FilePath(char const*)
                0x00001bec                mbed::FilePath::FilePath(char const*)
 .text._ZN4mbed8FilePath8fileNameEv
                0x00001c74       0x18 ./mbed-src/common/FilePath.o
                0x00001c74                mbed::FilePath::fileName()
 .text._ZN4mbed8FilePath12isFileSystemEv
                0x00001c8c       0x34 ./mbed-src/common/FilePath.o
                0x00001c8c                mbed::FilePath::isFileSystem()
 .text._ZN4mbed8FilePath10fileSystemEv
                0x00001cc0       0x24 ./mbed-src/common/FilePath.o
                0x00001cc0                mbed::FilePath::fileSystem()
 .text._ZN4mbed8FilePath6isFileEv
                0x00001ce4       0x34 ./mbed-src/common/FilePath.o
                0x00001ce4                mbed::FilePath::isFile()
 .text._ZN4mbed8FilePath4fileEv
                0x00001d18       0x34 ./mbed-src/common/FilePath.o
                0x00001d18                mbed::FilePath::file()
 .text._ZN4mbed8FilePath6existsEv
                0x00001d4c       0x20 ./mbed-src/common/FilePath.o
                0x00001d4c                mbed::FilePath::exists()
 .text._ZN4mbed15FunctionPointerC2EPFvvE
                0x00001d6c       0x1c ./mbed-src/common/FunctionPointer.o
                0x00001d6c                mbed::FunctionPointer::FunctionPointer(void (*)())
                0x00001d6c                mbed::FunctionPointer::FunctionPointer(void (*)())
 .text._ZN4mbed15FunctionPointer6attachEPFvvE
                0x00001d88       0x20 ./mbed-src/common/FunctionPointer.o
                0x00001d88                mbed::FunctionPointer::attach(void (*)())
 .text._ZN4mbed15FunctionPointer4callEv
                0x00001da8       0x38 ./mbed-src/common/FunctionPointer.o
                0x00001da8                mbed::FunctionPointer::call()
 .text.gpio_read
                0x00001de0       0x28 ./mbed-src/common/InterruptIn.o
 .text._ZN4mbed11InterruptInC2E7PinName
                0x00001e08       0x58 ./mbed-src/common/InterruptIn.o
                0x00001e08                mbed::InterruptIn::InterruptIn(PinName)
                0x00001e08                mbed::InterruptIn::InterruptIn(PinName)
 .text._ZN4mbed11InterruptInD2Ev
                0x00001e60       0x34 ./mbed-src/common/InterruptIn.o
                0x00001e60                mbed::InterruptIn::~InterruptIn()
                0x00001e60                mbed::InterruptIn::~InterruptIn()
 .text._ZN4mbed11InterruptInD0Ev
                0x00001e94       0x20 ./mbed-src/common/InterruptIn.o
                0x00001e94                mbed::InterruptIn::~InterruptIn()
 .text._ZN4mbed11InterruptIn4readEv
                0x00001eb4       0x1c ./mbed-src/common/InterruptIn.o
                0x00001eb4                mbed::InterruptIn::read()
 .text._ZN4mbed11InterruptIn12_irq_handlerEm14gpio_irq_event
                0x00001ed0       0x40 ./mbed-src/common/InterruptIn.o
                0x00001ed0                mbed::InterruptIn::_irq_handler(unsigned long, gpio_irq_event)
 .text._ZN4mbed6SerialC2E7PinNameS1_PKc
                0x00001f10       0x44 ./mbed-src/common/Serial.o
                0x00001f10                mbed::Serial::Serial(PinName, PinName, char const*)
                0x00001f10                mbed::Serial::Serial(PinName, PinName, char const*)
 .text._ZN4mbed6Serial5_getcEv
                0x00001f54       0x1c ./mbed-src/common/Serial.o
                0x00001f54                mbed::Serial::_getc()
 .text._ZN4mbed6Serial5_putcEi
                0x00001f70       0x20 ./mbed-src/common/Serial.o
                0x00001f70                mbed::Serial::_putc(int)
 .text._ZN4mbed6SerialD2Ev
                0x00001f90       0x44 ./mbed-src/common/Serial.o
                0x00001f90                mbed::Serial::~Serial()
                0x00001f90                mbed::Serial::~Serial()
                0x00001fcc                non-virtual thunk to mbed::Serial::~Serial()
 .text._ZN4mbed6SerialD0Ev
                0x00001fd4       0x28 ./mbed-src/common/Serial.o
                0x00001fd4                mbed::Serial::~Serial()
                0x00001ff4                non-virtual thunk to mbed::Serial::~Serial()
 .text._ZN4mbed10SerialBaseC2E7PinNameS1_
                0x00001ffc       0x58 ./mbed-src/common/SerialBase.o
                0x00001ffc                mbed::SerialBase::SerialBase(PinName, PinName)
                0x00001ffc                mbed::SerialBase::SerialBase(PinName, PinName)
 .text._ZN4mbed10SerialBase4baudEi
                0x00002054       0x24 ./mbed-src/common/SerialBase.o
                0x00002054                mbed::SerialBase::baud(int)
 .text._ZN4mbed10SerialBase12_irq_handlerEm9SerialIrq
                0x00002078       0x30 ./mbed-src/common/SerialBase.o
                0x00002078                mbed::SerialBase::_irq_handler(unsigned long, SerialIrq)
 .text._ZN4mbed10SerialBase10_base_getcEv
                0x000020a8       0x1c ./mbed-src/common/SerialBase.o
                0x000020a8                mbed::SerialBase::_base_getc()
 .text._ZN4mbed10SerialBase10_base_putcEi
                0x000020c4       0x20 ./mbed-src/common/SerialBase.o
                0x000020c4                mbed::SerialBase::_base_putc(int)
 .text._ZN4mbed6StreamC2EPKc
                0x000020e4       0x68 ./mbed-src/common/Stream.o
                0x000020e4                mbed::Stream::Stream(char const*)
                0x000020e4                mbed::Stream::Stream(char const*)
 .text._ZN4mbed6StreamD2Ev
                0x0000214c       0x44 ./mbed-src/common/Stream.o
                0x0000214c                mbed::Stream::~Stream()
                0x0000214c                mbed::Stream::~Stream()
 .text._ZN4mbed6Stream5closeEv
                0x00002190       0x14 ./mbed-src/common/Stream.o
                0x00002190                mbed::Stream::close()
 .text._ZN4mbed6Stream5writeEPKvj
                0x000021a4       0x5c ./mbed-src/common/Stream.o
                0x000021a4                mbed::Stream::write(void const*, unsigned int)
 .text._ZN4mbed6Stream4readEPvj
                0x00002200       0x54 ./mbed-src/common/Stream.o
                0x00002200                mbed::Stream::read(void*, unsigned int)
 .text._ZN4mbed6Stream5lseekEli
                0x00002254       0x18 ./mbed-src/common/Stream.o
                0x00002254                mbed::Stream::lseek(long, int)
 .text._ZN4mbed6Stream6isattyEv
                0x0000226c       0x14 ./mbed-src/common/Stream.o
                0x0000226c                mbed::Stream::isatty()
 .text._ZN4mbed6Stream5fsyncEv
                0x00002280       0x14 ./mbed-src/common/Stream.o
                0x00002280                mbed::Stream::fsync()
 .text._ZN4mbed6Stream4flenEv
                0x00002294       0x14 ./mbed-src/common/Stream.o
                0x00002294                mbed::Stream::flen()
 .text._ZN4mbed5TimerC2Ev
                0x000022a8       0x18 ./mbed-src/common/Timer.o
                0x000022a8                mbed::Timer::Timer()
                0x000022a8                mbed::Timer::Timer()
 .text._ZN4mbed5Timer5startEv
                0x000022c0       0x20 ./mbed-src/common/Timer.o
                0x000022c0                mbed::Timer::start()
 .text._ZN4mbed5Timer7read_usEv
                0x000022e0       0x20 ./mbed-src/common/Timer.o
                0x000022e0                mbed::Timer::read_us()
 .text._ZN4mbed5Timer9slicetimeEv
                0x00002300       0x28 ./mbed-src/common/Timer.o
                0x00002300                mbed::Timer::slicetime()
 .text._ZN4mbed5Timer5resetEv
                0x00002328       0x20 ./mbed-src/common/Timer.o
                0x00002328                mbed::Timer::reset()
 .text.gpio_write
                0x00002348       0x30 ./mbed-src/common/board.o
 .text.mbed_die
                0x00002378       0xb8 ./mbed-src/common/board.o
                0x00002378                mbed_die
 .text.exit     0x00002430       0x24 ./mbed-src/common/exit.o
                0x00002430                exit
 .text.mbed_interface_connected
                0x00002454       0x10 ./mbed-src/common/mbed_interface.o
                0x00002454                mbed_interface_connected
 .text.pinmap_pinout
                0x00002464       0x68 ./mbed-src/common/pinmap_common.o
                0x00002464                pinmap_pinout
 .text.pinmap_merge
                0x000024cc       0x54 ./mbed-src/common/pinmap_common.o
                0x000024cc                pinmap_merge
 .text.pinmap_peripheral
                0x00002520       0x5c ./mbed-src/common/pinmap_common.o
                0x00002520                pinmap_peripheral
 .text._ZN4mbed10FileHandleD2Ev
                0x0000257c       0x58 ./mbed-src/common/retarget.o
                0x0000257c                mbed::FileHandle::~FileHandle()
                0x0000257c                mbed::FileHandle::~FileHandle()
 .text._ZL11init_serialv
                0x000025d4       0x2c ./mbed-src/common/retarget.o
 .text._ZL17openmode_to_posixi
                0x00002600       0x18 ./mbed-src/common/retarget.o
 .text._open    0x00002618      0x170 ./mbed-src/common/retarget.o
                0x00002618                _open
 .text._close   0x00002788       0x50 ./mbed-src/common/retarget.o
                0x00002788                _close
 .text._write   0x000027d8       0x88 ./mbed-src/common/retarget.o
                0x000027d8                _write
 .text._read    0x00002860       0x64 ./mbed-src/common/retarget.o
                0x00002860                _read
 .text._isatty  0x000028c4       0x44 ./mbed-src/common/retarget.o
                0x000028c4                _isatty
 .text._lseek   0x00002908       0x4c ./mbed-src/common/retarget.o
                0x00002908                _lseek
 .text._fstat   0x00002954       0x40 ./mbed-src/common/retarget.o
                0x00002954                _fstat
 .text.__cxa_pure_virtual
                0x00002994        0xc ./mbed-src/common/retarget.o
                0x00002994                __cxa_pure_virtual
 .text.__semihost
                0x000029a0       0x24 ./mbed-src/common/semihost_api.o
 .text.semihost_exit
                0x000029c4       0x1c ./mbed-src/common/semihost_api.o
                0x000029c4                semihost_exit
 .text.semihost_connected
                0x000029e0       0x24 ./mbed-src/common/semihost_api.o
                0x000029e0                semihost_connected
 .text.us_ticker_irq_handler
                0x00002a04       0x6c ./mbed-src/common/us_ticker_api.o
                0x00002a04                us_ticker_irq_handler
 .text.wait_ms  0x00002a70       0x20 ./mbed-src/common/wait_api.o
                0x00002a70                wait_ms
 .text.wait_us  0x00002a90       0x28 ./mbed-src/common/wait_api.o
                0x00002a90                wait_us
 .text._ZN3QEIC2E7PinNameS0_S0_iNS_8EncodingE
                0x00002ab8      0x154 ./QEI/QEI.o
                0x00002ab8                QEI::QEI(PinName, PinName, PinName, int, QEI::Encoding)
                0x00002ab8                QEI::QEI(PinName, PinName, PinName, int, QEI::Encoding)
 .text._ZN3QEI6encodeEv
                0x00002c0c      0x14c ./QEI/QEI.o
                0x00002c0c                QEI::encode()
 .text._ZN3QEI5indexEv
                0x00002d58       0x20 ./QEI/QEI.o
                0x00002d58                QEI::index()
 .text._ZN4mbed11InterruptIn4riseI3QEIEEvPT_MS3_FvvE
                0x00002d78       0x38 ./QEI/QEI.o
                0x00002d78                void mbed::InterruptIn::rise<QEI>(QEI*, void (QEI::*)())
 .text._ZN4mbed11InterruptIn4fallI3QEIEEvPT_MS3_FvvE
                0x00002db0       0x38 ./QEI/QEI.o
                0x00002db0                void mbed::InterruptIn::fall<QEI>(QEI*, void (QEI::*)())
 .text._ZN4mbed15FunctionPointer6attachI3QEIEEvPT_MS3_FvvE
                0x00002de8       0x3c ./QEI/QEI.o
                0x00002de8                void mbed::FunctionPointer::attach<QEI>(QEI*, void (QEI::*)())
 .text._ZN4mbed15FunctionPointer12membercallerI3QEIEEvPvPc
                0x00002e24       0x54 ./QEI/QEI.o
                0x00002e24                void mbed::FunctionPointer::membercaller<QEI>(void*, char*)
 .text._ZN4mbed9DigitalIn4modeE7PinMode
                0x00002e78       0x20 ./QEI/QEI_freePin.o
                0x00002e78                mbed::DigitalIn::mode(PinMode)
 .text._ZN11QEI_freePinC2E7PinNameS0_f
                0x00002e98       0x84 ./QEI/QEI_freePin.o
                0x00002e98                QEI_freePin::QEI_freePin(PinName, PinName, float)
                0x00002e98                QEI_freePin::QEI_freePin(PinName, PinName, float)
 .text._ZN12SingleLegQEIC2E7PinNameS0_
                0x00002f1c       0x28 ./QEI/SingleLegQEI.o
                0x00002f1c                SingleLegQEI::SingleLegQEI(PinName, PinName)
                0x00002f1c                SingleLegQEI::SingleLegQEI(PinName, PinName)
 .text._ZN4mbed10DigitalOutaSEi
                0x00002f44       0x1c ./Pins.o
                0x00002f44                mbed::DigitalOut::operator=(int)
 .text._ZN4mbed6PwmOutC2E7PinName
                0x00002f60       0x20 ./Pins.o
                0x00002f60                mbed::PwmOut::PwmOut(PinName)
                0x00002f60                mbed::PwmOut::PwmOut(PinName)
 .text._ZN10InitSwitchC2E7PinNameb
                0x00002f80       0x28 ./Pins.o
                0x00002f80                InitSwitch::InitSwitch(PinName, bool)
                0x00002f80                InitSwitch::InitSwitch(PinName, bool)
 .text._Z11AdjustCyclei
                0x00002fa8       0x80 ./Pins.o
                0x00002fa8                AdjustCycle(int)
 .text._ZN3QEID2Ev
                0x00003028       0x30 ./Pins.o
                0x00003028                QEI::~QEI()
                0x00003028                QEI::~QEI()
 .text._ZN11QEI_freePinD2Ev
                0x00003058       0x1c ./Pins.o
                0x00003058                QEI_freePin::~QEI_freePin()
                0x00003058                QEI_freePin::~QEI_freePin()
 .text._ZN12SingleLegQEID2Ev
                0x00003074       0x1c ./Pins.o
                0x00003074                SingleLegQEI::~SingleLegQEI()
                0x00003074                SingleLegQEI::~SingleLegQEI()
 .text._Z41__static_initialization_and_destruction_0ii
                0x00003090      0x1c8 ./Pins.o
 .text._GLOBAL__sub_I_can
                0x00003258       0x10 ./Pins.o
 .text.main     0x00003268       0x24 ./main.o
                0x00003268                main
 .text          0x0000328c      0x370 c:/nxp/lpcxpresso_8.2.2_650/lpcxpresso/tools/bin/../lib/gcc/arm-none-eabi/5.4.1/armv7-m\libgcc.a(_arm_addsubdf3.o)
                0x0000328c                __aeabi_drsub
                0x00003294                __aeabi_dsub
                0x00003294                __subdf3
                0x00003298                __aeabi_dadd
                0x00003298                __adddf3
                0x00003510                __floatunsidf
                0x00003510                __aeabi_ui2d
                0x00003530                __floatsidf
                0x00003530                __aeabi_i2d
                0x00003554                __aeabi_f2d
                0x00003554                __extendsfdf2
                0x00003590                __floatundidf
                0x00003590                __aeabi_ul2d
                0x000035a0                __floatdidf
                0x000035a0                __aeabi_l2d
 .text          0x000035fc      0x424 c:/nxp/lpcxpresso_8.2.2_650/lpcxpresso/tools/bin/../lib/gcc/arm-none-eabi/5.4.1/armv7-m\libgcc.a(_arm_muldivdf3.o)
                0x000035fc                __aeabi_dmul
                0x000035fc                __muldf3
                0x00003850                __divdf3
                0x00003850                __aeabi_ddiv
 .text          0x00003a20      0x110 c:/nxp/lpcxpresso_8.2.2_650/lpcxpresso/tools/bin/../lib/gcc/arm-none-eabi/5.4.1/armv7-m\libgcc.a(_arm_cmpdf2.o)
                0x00003a20                __gtdf2
                0x00003a20                __gedf2
                0x00003a28                __ltdf2
                0x00003a28                __ledf2
                0x00003a30                __nedf2
                0x00003a30                __eqdf2
                0x00003a30                __cmpdf2
                0x00003aac                __aeabi_cdrcmple
                0x00003abc                __aeabi_cdcmpeq
                0x00003abc                __aeabi_cdcmple
                0x00003acc                __aeabi_dcmpeq
                0x00003ae0                __aeabi_dcmplt
                0x00003af4                __aeabi_dcmple
                0x00003b08                __aeabi_dcmpge
                0x00003b1c                __aeabi_dcmpgt
 .text          0x00003b30       0x50 c:/nxp/lpcxpresso_8.2.2_650/lpcxpresso/tools/bin/../lib/gcc/arm-none-eabi/5.4.1/armv7-m\libgcc.a(_arm_fixdfsi.o)
                0x00003b30                __aeabi_d2iz
                0x00003b30                __fixdfsi
 .text          0x00003b80       0xa0 c:/nxp/lpcxpresso_8.2.2_650/lpcxpresso/tools/bin/../lib/gcc/arm-none-eabi/5.4.1/armv7-m\libgcc.a(_arm_truncdfsf2.o)
                0x00003b80                __truncdfsf2
                0x00003b80                __aeabi_d2f
 .text          0x00003c20      0x21c c:/nxp/lpcxpresso_8.2.2_650/lpcxpresso/tools/bin/../lib/gcc/arm-none-eabi/5.4.1/armv7-m\libgcc.a(_arm_addsubsf3.o)
                0x00003c20                __aeabi_frsub
                0x00003c28                __subsf3
                0x00003c28                __aeabi_fsub
                0x00003c2c                __aeabi_fadd
                0x00003c2c                __addsf3
                0x00003d8c                __aeabi_ui2f
                0x00003d8c                __floatunsisf
                0x00003d94                __aeabi_i2f
                0x00003d94                __floatsisf
                0x00003db0                __aeabi_ul2f
                0x00003db0                __floatundisf
                0x00003dc0                __aeabi_l2f
                0x00003dc0                __floatdisf
 .text          0x00003e3c      0x2a0 c:/nxp/lpcxpresso_8.2.2_650/lpcxpresso/tools/bin/../lib/gcc/arm-none-eabi/5.4.1/armv7-m\libgcc.a(_arm_muldivsf3.o)
                0x00003e3c                __mulsf3
                0x00003e3c                __aeabi_fmul
                0x00003fa4                __aeabi_fdiv
                0x00003fa4                __divsf3
 .text          0x000040dc       0xec c:/nxp/lpcxpresso_8.2.2_650/lpcxpresso/tools/bin/../lib/gcc/arm-none-eabi/5.4.1/armv7-m\libgcc.a(_arm_cmpsf2.o)
                0x000040dc                __gesf2
                0x000040dc                __gtsf2
                0x000040e4                __lesf2
                0x000040e4                __ltsf2
                0x000040ec                __nesf2
                0x000040ec                __eqsf2
                0x000040ec                __cmpsf2
                0x0000414c                __aeabi_cfrcmple
                0x00004154                __aeabi_cfcmpeq
                0x00004154                __aeabi_cfcmple
                0x00004164                __aeabi_fcmpeq
                0x00004178                __aeabi_fcmplt
                0x0000418c                __aeabi_fcmple
                0x000041a0                __aeabi_fcmpge
                0x000041b4                __aeabi_fcmpgt
 .text          0x000041c8       0x40 c:/nxp/lpcxpresso_8.2.2_650/lpcxpresso/tools/bin/../lib/gcc/arm-none-eabi/5.4.1/armv7-m\libgcc.a(_arm_fixunssfsi.o)
                0x000041c8                __fixunssfsi
                0x000041c8                __aeabi_f2uiz
 .text          0x00004208       0x30 c:/nxp/lpcxpresso_8.2.2_650/lpcxpresso/tools/bin/../lib/gcc/arm-none-eabi/5.4.1/armv7-m\libgcc.a(_aeabi_uldivmod.o)
                0x00004208                __aeabi_uldivmod
 .text          0x00004238      0x2ec c:/nxp/lpcxpresso_8.2.2_650/lpcxpresso/tools/bin/../lib/gcc/arm-none-eabi/5.4.1/armv7-m\libgcc.a(_udivmoddi4.o)
                0x00004238                __udivmoddi4
 .text          0x00004524        0x4 c:/nxp/lpcxpresso_8.2.2_650/lpcxpresso/tools/bin/../lib/gcc/arm-none-eabi/5.4.1/armv7-m\libgcc.a(_dvmd_tls.o)
                0x00004524                __aeabi_idiv0
                0x00004524                __aeabi_ldiv0
 .text.__errno  0x00004528        0xc c:/nxp/lpcxpresso_8.2.2_650/lpcxpresso/tools/bin/../lib/gcc/arm-none-eabi/5.4.1/../../../../arm-none-eabi/lib/armv7-m\libc.a(lib_a-errno.o)
                0x00004528                __errno
 .text._fclose_r
                0x00004534       0x84 c:/nxp/lpcxpresso_8.2.2_650/lpcxpresso/tools/bin/../lib/gcc/arm-none-eabi/5.4.1/../../../../arm-none-eabi/lib/armv7-m\libc.a(lib_a-fclose.o)
                0x00004534                _fclose_r
 .text.fclose   0x000045b8       0x10 c:/nxp/lpcxpresso_8.2.2_650/lpcxpresso/tools/bin/../lib/gcc/arm-none-eabi/5.4.1/../../../../arm-none-eabi/lib/armv7-m\libc.a(lib_a-fclose.o)
                0x000045b8                fclose
 .text.__sflush_r
                0x000045c8      0x148 c:/nxp/lpcxpresso_8.2.2_650/lpcxpresso/tools/bin/../lib/gcc/arm-none-eabi/5.4.1/../../../../arm-none-eabi/lib/armv7-m\libc.a(lib_a-fflush.o)
                0x000045c8                __sflush_r
 .text._fflush_r
                0x00004710       0x2c c:/nxp/lpcxpresso_8.2.2_650/lpcxpresso/tools/bin/../lib/gcc/arm-none-eabi/5.4.1/../../../../arm-none-eabi/lib/armv7-m\libc.a(lib_a-fflush.o)
                0x00004710                _fflush_r
 .text.fflush   0x0000473c       0x24 c:/nxp/lpcxpresso_8.2.2_650/lpcxpresso/tools/bin/../lib/gcc/arm-none-eabi/5.4.1/../../../../arm-none-eabi/lib/armv7-m\libc.a(lib_a-fflush.o)
                0x0000473c                fflush
 .text._cleanup_r
                0x00004760        0xc c:/nxp/lpcxpresso_8.2.2_650/lpcxpresso/tools/bin/../lib/gcc/arm-none-eabi/5.4.1/../../../../arm-none-eabi/lib/armv7-m\libc.a(lib_a-findfp.o)
                0x00004760                _cleanup_r
 .text.__sinit.part.1
                0x0000476c       0xf0 c:/nxp/lpcxpresso_8.2.2_650/lpcxpresso/tools/bin/../lib/gcc/arm-none-eabi/5.4.1/../../../../arm-none-eabi/lib/armv7-m\libc.a(lib_a-findfp.o)
 .text.__sfmoreglue
                0x0000485c       0x30 c:/nxp/lpcxpresso_8.2.2_650/lpcxpresso/tools/bin/../lib/gcc/arm-none-eabi/5.4.1/../../../../arm-none-eabi/lib/armv7-m\libc.a(lib_a-findfp.o)
                0x0000485c                __sfmoreglue
 .text.__sfp    0x0000488c       0x88 c:/nxp/lpcxpresso_8.2.2_650/lpcxpresso/tools/bin/../lib/gcc/arm-none-eabi/5.4.1/../../../../arm-none-eabi/lib/armv7-m\libc.a(lib_a-findfp.o)
                0x0000488c                __sfp
 .text.__sinit  0x00004914        0xc c:/nxp/lpcxpresso_8.2.2_650/lpcxpresso/tools/bin/../lib/gcc/arm-none-eabi/5.4.1/../../../../arm-none-eabi/lib/armv7-m\libc.a(lib_a-findfp.o)
                0x00004914                __sinit
 .text.__sfp_lock_acquire
                0x00004920        0x4 c:/nxp/lpcxpresso_8.2.2_650/lpcxpresso/tools/bin/../lib/gcc/arm-none-eabi/5.4.1/../../../../arm-none-eabi/lib/armv7-m\libc.a(lib_a-findfp.o)
                0x00004920                __sfp_lock_acquire
 .text.__sfp_lock_release
                0x00004924        0x4 c:/nxp/lpcxpresso_8.2.2_650/lpcxpresso/tools/bin/../lib/gcc/arm-none-eabi/5.4.1/../../../../arm-none-eabi/lib/armv7-m\libc.a(lib_a-findfp.o)
                0x00004924                __sfp_lock_release
 .text._fopen_r
                0x00004928       0x8c c:/nxp/lpcxpresso_8.2.2_650/lpcxpresso/tools/bin/../lib/gcc/arm-none-eabi/5.4.1/../../../../arm-none-eabi/lib/armv7-m\libc.a(lib_a-fopen.o)
                0x00004928                _fopen_r
 .text.fopen    0x000049b4       0x10 c:/nxp/lpcxpresso_8.2.2_650/lpcxpresso/tools/bin/../lib/gcc/arm-none-eabi/5.4.1/../../../../arm-none-eabi/lib/armv7-m\libc.a(lib_a-fopen.o)
                0x000049b4                fopen
 .text.fprintf  0x000049c4       0x28 c:/nxp/lpcxpresso_8.2.2_650/lpcxpresso/tools/bin/../lib/gcc/arm-none-eabi/5.4.1/../../../../arm-none-eabi/lib/armv7-m\libc.a(lib_a-fprintf.o)
                0x000049c4                fprintf
 .text._malloc_trim_r
                0x000049ec       0x9c c:/nxp/lpcxpresso_8.2.2_650/lpcxpresso/tools/bin/../lib/gcc/arm-none-eabi/5.4.1/../../../../arm-none-eabi/lib/armv7-m\libc.a(lib_a-freer.o)
                0x000049ec                _malloc_trim_r
 .text._free_r  0x00004a88      0x1d0 c:/nxp/lpcxpresso_8.2.2_650/lpcxpresso/tools/bin/../lib/gcc/arm-none-eabi/5.4.1/../../../../arm-none-eabi/lib/armv7-m\libc.a(lib_a-freer.o)
                0x00004a88                _free_r
 .text._fseek_r
                0x00004c58        0x4 c:/nxp/lpcxpresso_8.2.2_650/lpcxpresso/tools/bin/../lib/gcc/arm-none-eabi/5.4.1/../../../../arm-none-eabi/lib/armv7-m\libc.a(lib_a-fseek.o)
                0x00004c58                _fseek_r
 .text._fseeko_r
                0x00004c5c      0x2c4 c:/nxp/lpcxpresso_8.2.2_650/lpcxpresso/tools/bin/../lib/gcc/arm-none-eabi/5.4.1/../../../../arm-none-eabi/lib/armv7-m\libc.a(lib_a-fseeko.o)
                0x00004c5c                _fseeko_r
 .text._fstat_r
                0x00004f20       0x28 c:/nxp/lpcxpresso_8.2.2_650/lpcxpresso/tools/bin/../lib/gcc/arm-none-eabi/5.4.1/../../../../arm-none-eabi/lib/armv7-m\libc.a(lib_a-fstatr.o)
                0x00004f20                _fstat_r
 .text.__sfvwrite_r
                0x00004f48      0x308 c:/nxp/lpcxpresso_8.2.2_650/lpcxpresso/tools/bin/../lib/gcc/arm-none-eabi/5.4.1/../../../../arm-none-eabi/lib/armv7-m\libc.a(lib_a-fvwrite.o)
                0x00004f48                __sfvwrite_r
 .text._fwalk   0x00005250       0x48 c:/nxp/lpcxpresso_8.2.2_650/lpcxpresso/tools/bin/../lib/gcc/arm-none-eabi/5.4.1/../../../../arm-none-eabi/lib/armv7-m\libc.a(lib_a-fwalk.o)
                0x00005250                _fwalk
 .text._fwalk_reent
                0x00005298       0x50 c:/nxp/lpcxpresso_8.2.2_650/lpcxpresso/tools/bin/../lib/gcc/arm-none-eabi/5.4.1/../../../../arm-none-eabi/lib/armv7-m\libc.a(lib_a-fwalk.o)
                0x00005298                _fwalk_reent
 .text.__libc_init_array
                0x000052e8       0x50 c:/nxp/lpcxpresso_8.2.2_650/lpcxpresso/tools/bin/../lib/gcc/arm-none-eabi/5.4.1/../../../../arm-none-eabi/lib/armv7-m\libc.a(lib_a-init.o)
                0x000052e8                __libc_init_array
 .text.__swhatbuf_r
                0x00005338       0x60 c:/nxp/lpcxpresso_8.2.2_650/lpcxpresso/tools/bin/../lib/gcc/arm-none-eabi/5.4.1/../../../../arm-none-eabi/lib/armv7-m\libc.a(lib_a-makebuf.o)
                0x00005338                __swhatbuf_r
 .text.__smakebuf_r
                0x00005398       0x88 c:/nxp/lpcxpresso_8.2.2_650/lpcxpresso/tools/bin/../lib/gcc/arm-none-eabi/5.4.1/../../../../arm-none-eabi/lib/armv7-m\libc.a(lib_a-makebuf.o)
                0x00005398                __smakebuf_r
 .text.malloc   0x00005420       0x10 c:/nxp/lpcxpresso_8.2.2_650/lpcxpresso/tools/bin/../lib/gcc/arm-none-eabi/5.4.1/../../../../arm-none-eabi/lib/armv7-m\libc.a(lib_a-malloc.o)
                0x00005420                malloc
 .text.free     0x00005430       0x10 c:/nxp/lpcxpresso_8.2.2_650/lpcxpresso/tools/bin/../lib/gcc/arm-none-eabi/5.4.1/../../../../arm-none-eabi/lib/armv7-m\libc.a(lib_a-malloc.o)
                0x00005430                free
 .text._malloc_r
                0x00005440      0x558 c:/nxp/lpcxpresso_8.2.2_650/lpcxpresso/tools/bin/../lib/gcc/arm-none-eabi/5.4.1/../../../../arm-none-eabi/lib/armv7-m\libc.a(lib_a-mallocr.o)
                0x00005440                _malloc_r
 .text.memchr   0x00005998       0x8c c:/nxp/lpcxpresso_8.2.2_650/lpcxpresso/tools/bin/../lib/gcc/arm-none-eabi/5.4.1/../../../../arm-none-eabi/lib/armv7-m\libc.a(lib_a-memchr-stub.o)
                0x00005998                memchr
 .text          0x00005a24       0xec c:/nxp/lpcxpresso_8.2.2_650/lpcxpresso/tools/bin/../lib/gcc/arm-none-eabi/5.4.1/../../../../arm-none-eabi/lib/armv7-m\libc.a(lib_a-memcpy.o)
                0x00005a24                memcpy
 .text.memmove  0x00005b10       0xc8 c:/nxp/lpcxpresso_8.2.2_650/lpcxpresso/tools/bin/../lib/gcc/arm-none-eabi/5.4.1/../../../../arm-none-eabi/lib/armv7-m\libc.a(lib_a-memmove.o)
                0x00005b10                memmove
 .text.memset   0x00005bd8       0x9c c:/nxp/lpcxpresso_8.2.2_650/lpcxpresso/tools/bin/../lib/gcc/arm-none-eabi/5.4.1/../../../../arm-none-eabi/lib/armv7-m\libc.a(lib_a-memset.o)
                0x00005bd8                memset
 .text.__malloc_lock
                0x00005c74        0x4 c:/nxp/lpcxpresso_8.2.2_650/lpcxpresso/tools/bin/../lib/gcc/arm-none-eabi/5.4.1/../../../../arm-none-eabi/lib/armv7-m\libc.a(lib_a-mlock.o)
                0x00005c74                __malloc_lock
 .text.__malloc_unlock
                0x00005c78        0x4 c:/nxp/lpcxpresso_8.2.2_650/lpcxpresso/tools/bin/../lib/gcc/arm-none-eabi/5.4.1/../../../../arm-none-eabi/lib/armv7-m\libc.a(lib_a-mlock.o)
                0x00005c78                __malloc_unlock
 .text._open_r  0x00005c7c       0x2c c:/nxp/lpcxpresso_8.2.2_650/lpcxpresso/tools/bin/../lib/gcc/arm-none-eabi/5.4.1/../../../../arm-none-eabi/lib/armv7-m\libc.a(lib_a-openr.o)
                0x00005c7c                _open_r
 .text._realloc_r
                0x00005ca8      0x3d4 c:/nxp/lpcxpresso_8.2.2_650/lpcxpresso/tools/bin/../lib/gcc/arm-none-eabi/5.4.1/../../../../arm-none-eabi/lib/armv7-m\libc.a(lib_a-reallocr.o)
                0x00005ca8                _realloc_r
 .text.lflush   0x0000607c       0x14 c:/nxp/lpcxpresso_8.2.2_650/lpcxpresso/tools/bin/../lib/gcc/arm-none-eabi/5.4.1/../../../../arm-none-eabi/lib/armv7-m\libc.a(lib_a-refill.o)
 .text.__srefill_r
                0x00006090      0x114 c:/nxp/lpcxpresso_8.2.2_650/lpcxpresso/tools/bin/../lib/gcc/arm-none-eabi/5.4.1/../../../../arm-none-eabi/lib/armv7-m\libc.a(lib_a-refill.o)
                0x00006090                __srefill_r
 .text._sbrk_r  0x000061a4       0x24 c:/nxp/lpcxpresso_8.2.2_650/lpcxpresso/tools/bin/../lib/gcc/arm-none-eabi/5.4.1/../../../../arm-none-eabi/lib/armv7-m\libc.a(lib_a-sbrkr.o)
                0x000061a4                _sbrk_r
 .text.setbuf   0x000061c8       0x10 c:/nxp/lpcxpresso_8.2.2_650/lpcxpresso/tools/bin/../lib/gcc/arm-none-eabi/5.4.1/../../../../arm-none-eabi/lib/armv7-m\libc.a(lib_a-setbuf.o)
                0x000061c8                setbuf
 .text.setvbuf  0x000061d8      0x150 c:/nxp/lpcxpresso_8.2.2_650/lpcxpresso/tools/bin/../lib/gcc/arm-none-eabi/5.4.1/../../../../arm-none-eabi/lib/armv7-m\libc.a(lib_a-setvbuf.o)
                0x000061d8                setvbuf
 .text.sprintf  0x00006328       0x4c c:/nxp/lpcxpresso_8.2.2_650/lpcxpresso/tools/bin/../lib/gcc/arm-none-eabi/5.4.1/../../../../arm-none-eabi/lib/armv7-m\libc.a(lib_a-sprintf.o)
                0x00006328                sprintf
 .text.sscanf   0x00006374       0x58 c:/nxp/lpcxpresso_8.2.2_650/lpcxpresso/tools/bin/../lib/gcc/arm-none-eabi/5.4.1/../../../../arm-none-eabi/lib/armv7-m\libc.a(lib_a-sscanf.o)
                0x00006374                sscanf
 .text.__sread  0x000063cc       0x24 c:/nxp/lpcxpresso_8.2.2_650/lpcxpresso/tools/bin/../lib/gcc/arm-none-eabi/5.4.1/../../../../arm-none-eabi/lib/armv7-m\libc.a(lib_a-stdio.o)
                0x000063cc                __sread
 .text.__seofread
                0x000063f0        0x4 c:/nxp/lpcxpresso_8.2.2_650/lpcxpresso/tools/bin/../lib/gcc/arm-none-eabi/5.4.1/../../../../arm-none-eabi/lib/armv7-m\libc.a(lib_a-stdio.o)
                0x000063f0                __seofread
 .text.__swrite
                0x000063f4       0x3c c:/nxp/lpcxpresso_8.2.2_650/lpcxpresso/tools/bin/../lib/gcc/arm-none-eabi/5.4.1/../../../../arm-none-eabi/lib/armv7-m\libc.a(lib_a-stdio.o)
                0x000063f4                __swrite
 .text.__sseek  0x00006430       0x20 c:/nxp/lpcxpresso_8.2.2_650/lpcxpresso/tools/bin/../lib/gcc/arm-none-eabi/5.4.1/../../../../arm-none-eabi/lib/armv7-m\libc.a(lib_a-stdio.o)
                0x00006430                __sseek
 .text.__sclose
                0x00006450        0x8 c:/nxp/lpcxpresso_8.2.2_650/lpcxpresso/tools/bin/../lib/gcc/arm-none-eabi/5.4.1/../../../../arm-none-eabi/lib/armv7-m\libc.a(lib_a-stdio.o)
                0x00006450                __sclose
 .text          0x00006458      0x1bc c:/nxp/lpcxpresso_8.2.2_650/lpcxpresso/tools/bin/../lib/gcc/arm-none-eabi/5.4.1/../../../../arm-none-eabi/lib/armv7-m\libc.a(lib_a-strcmp.o)
                0x00006458                strcmp
 .text.strlen   0x00006614       0x5c c:/nxp/lpcxpresso_8.2.2_650/lpcxpresso/tools/bin/../lib/gcc/arm-none-eabi/5.4.1/../../../../arm-none-eabi/lib/armv7-m\libc.a(lib_a-strlen-stub.o)
                0x00006614                strlen
 .text.strncmp  0x00006670       0x9c c:/nxp/lpcxpresso_8.2.2_650/lpcxpresso/tools/bin/../lib/gcc/arm-none-eabi/5.4.1/../../../../arm-none-eabi/lib/armv7-m\libc.a(lib_a-strncmp.o)
                0x00006670                strncmp
 .text._svfprintf_r
                0x0000670c     0x175c c:/nxp/lpcxpresso_8.2.2_650/lpcxpresso/tools/bin/../lib/gcc/arm-none-eabi/5.4.1/../../../../arm-none-eabi/lib/armv7-m\libc.a(lib_a-svfprintf.o)
                0x0000670c                _svfprintf_r
 .text.__ssvfscanf_r
                0x00007e68      0xeac c:/nxp/lpcxpresso_8.2.2_650/lpcxpresso/tools/bin/../lib/gcc/arm-none-eabi/5.4.1/../../../../arm-none-eabi/lib/armv7-m\libc.a(lib_a-svfscanf.o)
                0x00007e68                __ssvfscanf_r
 .text._vfprintf_r
                0x00008d14     0x1788 c:/nxp/lpcxpresso_8.2.2_650/lpcxpresso/tools/bin/../lib/gcc/arm-none-eabi/5.4.1/../../../../arm-none-eabi/lib/armv7-m\libc.a(lib_a-vfprintf.o)
                0x00008d14                _vfprintf_r
 .text.__sbprintf
                0x0000a49c       0x6c c:/nxp/lpcxpresso_8.2.2_650/lpcxpresso/tools/bin/../lib/gcc/arm-none-eabi/5.4.1/../../../../arm-none-eabi/lib/armv7-m\libc.a(lib_a-vfprintf.o)
 .text.__swbuf_r
                0x0000a508       0xac c:/nxp/lpcxpresso_8.2.2_650/lpcxpresso/tools/bin/../lib/gcc/arm-none-eabi/5.4.1/../../../../arm-none-eabi/lib/armv7-m\libc.a(lib_a-wbuf.o)
                0x0000a508                __swbuf_r
 .text._write_r
                0x0000a5b4       0x2c c:/nxp/lpcxpresso_8.2.2_650/lpcxpresso/tools/bin/../lib/gcc/arm-none-eabi/5.4.1/../../../../arm-none-eabi/lib/armv7-m\libc.a(lib_a-writer.o)
                0x0000a5b4                _write_r
 .text.__swsetup_r
                0x0000a5e0       0xc8 c:/nxp/lpcxpresso_8.2.2_650/lpcxpresso/tools/bin/../lib/gcc/arm-none-eabi/5.4.1/../../../../arm-none-eabi/lib/armv7-m\libc.a(lib_a-wsetup.o)
                0x0000a5e0                __swsetup_r
 .text._close_r
                0x0000a6a8       0x24 c:/nxp/lpcxpresso_8.2.2_650/lpcxpresso/tools/bin/../lib/gcc/arm-none-eabi/5.4.1/../../../../arm-none-eabi/lib/armv7-m\libc.a(lib_a-closer.o)
                0x0000a6a8                _close_r
 .text.quorem   0x0000a6cc      0x12c c:/nxp/lpcxpresso_8.2.2_650/lpcxpresso/tools/bin/../lib/gcc/arm-none-eabi/5.4.1/../../../../arm-none-eabi/lib/armv7-m\libc.a(lib_a-dtoa.o)
 .text._dtoa_r  0x0000a7f8      0xe4c c:/nxp/lpcxpresso_8.2.2_650/lpcxpresso/tools/bin/../lib/gcc/arm-none-eabi/5.4.1/../../../../arm-none-eabi/lib/armv7-m\libc.a(lib_a-dtoa.o)
                0x0000a7f8                _dtoa_r
 .text.__sflags
                0x0000b644       0x74 c:/nxp/lpcxpresso_8.2.2_650/lpcxpresso/tools/bin/../lib/gcc/arm-none-eabi/5.4.1/../../../../arm-none-eabi/lib/armv7-m\libc.a(lib_a-flags.o)
                0x0000b644                __sflags
 .text._isatty_r
                0x0000b6b8       0x24 c:/nxp/lpcxpresso_8.2.2_650/lpcxpresso/tools/bin/../lib/gcc/arm-none-eabi/5.4.1/../../../../arm-none-eabi/lib/armv7-m\libc.a(lib_a-isattyr.o)
                0x0000b6b8                _isatty_r
 .text.iswspace
                0x0000b6dc       0x1c c:/nxp/lpcxpresso_8.2.2_650/lpcxpresso/tools/bin/../lib/gcc/arm-none-eabi/5.4.1/../../../../arm-none-eabi/lib/armv7-m\libc.a(lib_a-iswspace.o)
                0x0000b6dc                iswspace
 .text.__locale_charset
                0x0000b6f8        0x8 c:/nxp/lpcxpresso_8.2.2_650/lpcxpresso/tools/bin/../lib/gcc/arm-none-eabi/5.4.1/../../../../arm-none-eabi/lib/armv7-m\libc.a(lib_a-locale.o)
                0x0000b6f8                __locale_charset
 .text.__locale_mb_cur_max
                0x0000b700        0xc c:/nxp/lpcxpresso_8.2.2_650/lpcxpresso/tools/bin/../lib/gcc/arm-none-eabi/5.4.1/../../../../arm-none-eabi/lib/armv7-m\libc.a(lib_a-locale.o)
                0x0000b700                __locale_mb_cur_max
 .text._localeconv_r
                0x0000b70c        0x8 c:/nxp/lpcxpresso_8.2.2_650/lpcxpresso/tools/bin/../lib/gcc/arm-none-eabi/5.4.1/../../../../arm-none-eabi/lib/armv7-m\libc.a(lib_a-locale.o)
                0x0000b70c                _localeconv_r
 .text._lseek_r
                0x0000b714       0x2c c:/nxp/lpcxpresso_8.2.2_650/lpcxpresso/tools/bin/../lib/gcc/arm-none-eabi/5.4.1/../../../../arm-none-eabi/lib/armv7-m\libc.a(lib_a-lseekr.o)
                0x0000b714                _lseek_r
 .text._mbrtowc_r
                0x0000b740       0x5c c:/nxp/lpcxpresso_8.2.2_650/lpcxpresso/tools/bin/../lib/gcc/arm-none-eabi/5.4.1/../../../../arm-none-eabi/lib/armv7-m\libc.a(lib_a-mbrtowc.o)
                0x0000b740                _mbrtowc_r
 .text.__ascii_mbtowc
                0x0000b79c       0x2c c:/nxp/lpcxpresso_8.2.2_650/lpcxpresso/tools/bin/../lib/gcc/arm-none-eabi/5.4.1/../../../../arm-none-eabi/lib/armv7-m\libc.a(lib_a-mbtowc_r.o)
                0x0000b79c                __ascii_mbtowc
 .text._Balloc  0x0000b7c8       0x50 c:/nxp/lpcxpresso_8.2.2_650/lpcxpresso/tools/bin/../lib/gcc/arm-none-eabi/5.4.1/../../../../arm-none-eabi/lib/armv7-m\libc.a(lib_a-mprec.o)
                0x0000b7c8                _Balloc
 .text._Bfree   0x0000b818       0x14 c:/nxp/lpcxpresso_8.2.2_650/lpcxpresso/tools/bin/../lib/gcc/arm-none-eabi/5.4.1/../../../../arm-none-eabi/lib/armv7-m\libc.a(lib_a-mprec.o)
                0x0000b818                _Bfree
 .text.__multadd
                0x0000b82c       0x80 c:/nxp/lpcxpresso_8.2.2_650/lpcxpresso/tools/bin/../lib/gcc/arm-none-eabi/5.4.1/../../../../arm-none-eabi/lib/armv7-m\libc.a(lib_a-mprec.o)
                0x0000b82c                __multadd
 .text.__s2b    0x0000b8ac       0x98 c:/nxp/lpcxpresso_8.2.2_650/lpcxpresso/tools/bin/../lib/gcc/arm-none-eabi/5.4.1/../../../../arm-none-eabi/lib/armv7-m\libc.a(lib_a-mprec.o)
                0x0000b8ac                __s2b
 .text.__hi0bits
                0x0000b944       0x40 c:/nxp/lpcxpresso_8.2.2_650/lpcxpresso/tools/bin/../lib/gcc/arm-none-eabi/5.4.1/../../../../arm-none-eabi/lib/armv7-m\libc.a(lib_a-mprec.o)
                0x0000b944                __hi0bits
 .text.__lo0bits
                0x0000b984       0x5c c:/nxp/lpcxpresso_8.2.2_650/lpcxpresso/tools/bin/../lib/gcc/arm-none-eabi/5.4.1/../../../../arm-none-eabi/lib/armv7-m\libc.a(lib_a-mprec.o)
                0x0000b984                __lo0bits
 .text.__i2b    0x0000b9e0       0x14 c:/nxp/lpcxpresso_8.2.2_650/lpcxpresso/tools/bin/../lib/gcc/arm-none-eabi/5.4.1/../../../../arm-none-eabi/lib/armv7-m\libc.a(lib_a-mprec.o)
                0x0000b9e0                __i2b
 .text.__multiply
                0x0000b9f4      0x13c c:/nxp/lpcxpresso_8.2.2_650/lpcxpresso/tools/bin/../lib/gcc/arm-none-eabi/5.4.1/../../../../arm-none-eabi/lib/armv7-m\libc.a(lib_a-mprec.o)
                0x0000b9f4                __multiply
 .text.__pow5mult
                0x0000bb30       0xa0 c:/nxp/lpcxpresso_8.2.2_650/lpcxpresso/tools/bin/../lib/gcc/arm-none-eabi/5.4.1/../../../../arm-none-eabi/lib/armv7-m\libc.a(lib_a-mprec.o)
                0x0000bb30                __pow5mult
 .text.__lshift
                0x0000bbd0       0xac c:/nxp/lpcxpresso_8.2.2_650/lpcxpresso/tools/bin/../lib/gcc/arm-none-eabi/5.4.1/../../../../arm-none-eabi/lib/armv7-m\libc.a(lib_a-mprec.o)
                0x0000bbd0                __lshift
 .text.__mcmp   0x0000bc7c       0x40 c:/nxp/lpcxpresso_8.2.2_650/lpcxpresso/tools/bin/../lib/gcc/arm-none-eabi/5.4.1/../../../../arm-none-eabi/lib/armv7-m\libc.a(lib_a-mprec.o)
                0x0000bc7c                __mcmp
 .text.__mdiff  0x0000bcbc      0x128 c:/nxp/lpcxpresso_8.2.2_650/lpcxpresso/tools/bin/../lib/gcc/arm-none-eabi/5.4.1/../../../../arm-none-eabi/lib/armv7-m\libc.a(lib_a-mprec.o)
                0x0000bcbc                __mdiff
 .text.__ulp    0x0000bde4       0x44 c:/nxp/lpcxpresso_8.2.2_650/lpcxpresso/tools/bin/../lib/gcc/arm-none-eabi/5.4.1/../../../../arm-none-eabi/lib/armv7-m\libc.a(lib_a-mprec.o)
                0x0000bde4                __ulp
 .text.__b2d    0x0000be28       0xd4 c:/nxp/lpcxpresso_8.2.2_650/lpcxpresso/tools/bin/../lib/gcc/arm-none-eabi/5.4.1/../../../../arm-none-eabi/lib/armv7-m\libc.a(lib_a-mprec.o)
                0x0000be28                __b2d
 .text.__d2b    0x0000befc       0xa8 c:/nxp/lpcxpresso_8.2.2_650/lpcxpresso/tools/bin/../lib/gcc/arm-none-eabi/5.4.1/../../../../arm-none-eabi/lib/armv7-m\libc.a(lib_a-mprec.o)
                0x0000befc                __d2b
 .text.__ratio  0x0000bfa4       0x54 c:/nxp/lpcxpresso_8.2.2_650/lpcxpresso/tools/bin/../lib/gcc/arm-none-eabi/5.4.1/../../../../arm-none-eabi/lib/armv7-m\libc.a(lib_a-mprec.o)
                0x0000bfa4                __ratio
 .text.__copybits
                0x0000bff8       0x48 c:/nxp/lpcxpresso_8.2.2_650/lpcxpresso/tools/bin/../lib/gcc/arm-none-eabi/5.4.1/../../../../arm-none-eabi/lib/armv7-m\libc.a(lib_a-mprec.o)
                0x0000bff8                __copybits
 .text.__any_on
                0x0000c040       0x5c c:/nxp/lpcxpresso_8.2.2_650/lpcxpresso/tools/bin/../lib/gcc/arm-none-eabi/5.4.1/../../../../arm-none-eabi/lib/armv7-m\libc.a(lib_a-mprec.o)
                0x0000c040                __any_on
 .text._read_r  0x0000c09c       0x2c c:/nxp/lpcxpresso_8.2.2_650/lpcxpresso/tools/bin/../lib/gcc/arm-none-eabi/5.4.1/../../../../arm-none-eabi/lib/armv7-m\libc.a(lib_a-readr.o)
                0x0000c09c                _read_r
 .text.__sccl   0x0000c0c8       0x74 c:/nxp/lpcxpresso_8.2.2_650/lpcxpresso/tools/bin/../lib/gcc/arm-none-eabi/5.4.1/../../../../arm-none-eabi/lib/armv7-m\libc.a(lib_a-sccl.o)
                0x0000c0c8                __sccl
 .text.nanf     0x0000c13c        0x8 c:/nxp/lpcxpresso_8.2.2_650/lpcxpresso/tools/bin/../lib/gcc/arm-none-eabi/5.4.1/../../../../arm-none-eabi/lib/armv7-m\libc.a(lib_a-sf_nan.o)
                0x0000c13c                nanf
 .text.sulp     0x0000c144       0x44 c:/nxp/lpcxpresso_8.2.2_650/lpcxpresso/tools/bin/../lib/gcc/arm-none-eabi/5.4.1/../../../../arm-none-eabi/lib/armv7-m\libc.a(lib_a-strtod.o)
 .text._strtod_r
                0x0000c188      0xecc c:/nxp/lpcxpresso_8.2.2_650/lpcxpresso/tools/bin/../lib/gcc/arm-none-eabi/5.4.1/../../../../arm-none-eabi/lib/armv7-m\libc.a(lib_a-strtod.o)
                0x0000c188                _strtod_r
 .text._strtol_r
                0x0000d054      0x128 c:/nxp/lpcxpresso_8.2.2_650/lpcxpresso/tools/bin/../lib/gcc/arm-none-eabi/5.4.1/../../../../arm-none-eabi/lib/armv7-m\libc.a(lib_a-strtol.o)
                0x0000d054                _strtol_r
 .text._strtoll_r
                0x0000d17c      0x1b4 c:/nxp/lpcxpresso_8.2.2_650/lpcxpresso/tools/bin/../lib/gcc/arm-none-eabi/5.4.1/../../../../arm-none-eabi/lib/armv7-m\libc.a(lib_a-strtoll_r.o)
                0x0000d17c                _strtoll_r
 .text._strtoul_r
                0x0000d330      0x134 c:/nxp/lpcxpresso_8.2.2_650/lpcxpresso/tools/bin/../lib/gcc/arm-none-eabi/5.4.1/../../../../arm-none-eabi/lib/armv7-m\libc.a(lib_a-strtoul.o)
                0x0000d330                _strtoul_r
 .text._strtoull_r
                0x0000d464      0x1c8 c:/nxp/lpcxpresso_8.2.2_650/lpcxpresso/tools/bin/../lib/gcc/arm-none-eabi/5.4.1/../../../../arm-none-eabi/lib/armv7-m\libc.a(lib_a-strtoull_r.o)
                0x0000d464                _strtoull_r
 .text.__ssprint_r
                0x0000d62c      0x100 c:/nxp/lpcxpresso_8.2.2_650/lpcxpresso/tools/bin/../lib/gcc/arm-none-eabi/5.4.1/../../../../arm-none-eabi/lib/armv7-m\libc.a(lib_a-svfiprintf.o)
                0x0000d62c                __ssprint_r
 .text._sungetc_r
                0x0000d72c       0x8c c:/nxp/lpcxpresso_8.2.2_650/lpcxpresso/tools/bin/../lib/gcc/arm-none-eabi/5.4.1/../../../../arm-none-eabi/lib/armv7-m\libc.a(lib_a-svfiscanf.o)
                0x0000d72c                _sungetc_r
 .text.__ssrefill_r
                0x0000d7b8       0x3c c:/nxp/lpcxpresso_8.2.2_650/lpcxpresso/tools/bin/../lib/gcc/arm-none-eabi/5.4.1/../../../../arm-none-eabi/lib/armv7-m\libc.a(lib_a-svfiscanf.o)
                0x0000d7b8                __ssrefill_r
 .text._sfread_r
                0x0000d7f4       0x84 c:/nxp/lpcxpresso_8.2.2_650/lpcxpresso/tools/bin/../lib/gcc/arm-none-eabi/5.4.1/../../../../arm-none-eabi/lib/armv7-m\libc.a(lib_a-svfiscanf.o)
                0x0000d7f4                _sfread_r
 .text.__submore
                0x0000d878       0x7c c:/nxp/lpcxpresso_8.2.2_650/lpcxpresso/tools/bin/../lib/gcc/arm-none-eabi/5.4.1/../../../../arm-none-eabi/lib/armv7-m\libc.a(lib_a-ungetc.o)
                0x0000d878                __submore
 .text.__sprint_r.part.0
                0x0000d8f4       0x78 c:/nxp/lpcxpresso_8.2.2_650/lpcxpresso/tools/bin/../lib/gcc/arm-none-eabi/5.4.1/../../../../arm-none-eabi/lib/armv7-m\libc.a(lib_a-vfiprintf.o)
 .text.__sprint_r
                0x0000d96c       0x14 c:/nxp/lpcxpresso_8.2.2_650/lpcxpresso/tools/bin/../lib/gcc/arm-none-eabi/5.4.1/../../../../arm-none-eabi/lib/armv7-m\libc.a(lib_a-vfiprintf.o)
                0x0000d96c                __sprint_r
 .text._calloc_r
                0x0000d980       0x60 c:/nxp/lpcxpresso_8.2.2_650/lpcxpresso/tools/bin/../lib/gcc/arm-none-eabi/5.4.1/../../../../arm-none-eabi/lib/armv7-m\libc.a(lib_a-callocr.o)
                0x0000d980                _calloc_r
 .text.__fputwc
                0x0000d9e0       0x94 c:/nxp/lpcxpresso_8.2.2_650/lpcxpresso/tools/bin/../lib/gcc/arm-none-eabi/5.4.1/../../../../arm-none-eabi/lib/armv7-m\libc.a(lib_a-fputwc.o)
                0x0000d9e0                __fputwc
 .text._fputwc_r
                0x0000da74       0x24 c:/nxp/lpcxpresso_8.2.2_650/lpcxpresso/tools/bin/../lib/gcc/arm-none-eabi/5.4.1/../../../../arm-none-eabi/lib/armv7-m\libc.a(lib_a-fputwc.o)
                0x0000da74                _fputwc_r
 .text.rshift   0x0000da98       0xa8 c:/nxp/lpcxpresso_8.2.2_650/lpcxpresso/tools/bin/../lib/gcc/arm-none-eabi/5.4.1/../../../../arm-none-eabi/lib/armv7-m\libc.a(lib_a-gdtoa-gethex.o)
 .text.__gethex
                0x0000db40      0x50c c:/nxp/lpcxpresso_8.2.2_650/lpcxpresso/tools/bin/../lib/gcc/arm-none-eabi/5.4.1/../../../../arm-none-eabi/lib/armv7-m\libc.a(lib_a-gdtoa-gethex.o)
                0x0000db40                __gethex
 .text.__match  0x0000e04c       0x30 c:/nxp/lpcxpresso_8.2.2_650/lpcxpresso/tools/bin/../lib/gcc/arm-none-eabi/5.4.1/../../../../arm-none-eabi/lib/armv7-m\libc.a(lib_a-gdtoa-hexnan.o)
                0x0000e04c                __match
 .text.__hexnan
                0x0000e07c      0x180 c:/nxp/lpcxpresso_8.2.2_650/lpcxpresso/tools/bin/../lib/gcc/arm-none-eabi/5.4.1/../../../../arm-none-eabi/lib/armv7-m\libc.a(lib_a-gdtoa-hexnan.o)
                0x0000e07c                __hexnan
 .text._wcrtomb_r
                0x0000e1fc       0x54 c:/nxp/lpcxpresso_8.2.2_650/lpcxpresso/tools/bin/../lib/gcc/arm-none-eabi/5.4.1/../../../../arm-none-eabi/lib/armv7-m\libc.a(lib_a-wcrtomb.o)
                0x0000e1fc                _wcrtomb_r
 .text.__ascii_wctomb
                0x0000e250       0x1c c:/nxp/lpcxpresso_8.2.2_650/lpcxpresso/tools/bin/../lib/gcc/arm-none-eabi/5.4.1/../../../../arm-none-eabi/lib/armv7-m\libc.a(lib_a-wctomb_r.o)
                0x0000e250                __ascii_wctomb
 .text._ZN10__cxxabiv120__si_class_type_infoD2Ev
                0x0000e26c       0x14 c:/nxp/lpcxpresso_8.2.2_650/lpcxpresso/tools/bin/../lib/gcc/arm-none-eabi/5.4.1/../../../../arm-none-eabi/lib/armv7-m\libstdc++.a(si_class_type_info.o)
                0x0000e26c                __cxxabiv1::__si_class_type_info::~__si_class_type_info()
                0x0000e26c                __cxxabiv1::__si_class_type_info::~__si_class_type_info()
 .text._ZN10__cxxabiv120__si_class_type_infoD0Ev
                0x0000e280       0x1c c:/nxp/lpcxpresso_8.2.2_650/lpcxpresso/tools/bin/../lib/gcc/arm-none-eabi/5.4.1/../../../../arm-none-eabi/lib/armv7-m\libstdc++.a(si_class_type_info.o)
                0x0000e280                __cxxabiv1::__si_class_type_info::~__si_class_type_info()
 .text._ZNK10__cxxabiv120__si_class_type_info12__do_dyncastEiNS_17__class_type_info10__sub_kindEPKS1_PKvS4_S6_RNS1_16__dyncast_resultE
                0x0000e29c       0x98 c:/nxp/lpcxpresso_8.2.2_650/lpcxpresso/tools/bin/../lib/gcc/arm-none-eabi/5.4.1/../../../../arm-none-eabi/lib/armv7-m\libstdc++.a(si_class_type_info.o)
                0x0000e29c                __cxxabiv1::__si_class_type_info::__do_dyncast(int, __cxxabiv1::__class_type_info::__sub_kind, __cxxabiv1::__class_type_info const*, void const*, __cxxabiv1::__class_type_info const*, void const*, __cxxabiv1::__class_type_info::__dyncast_result&) const
 .text._ZNK10__cxxabiv120__si_class_type_info20__do_find_public_srcEiPKvPKNS_17__class_type_infoES2_
                0x0000e334       0x3c c:/nxp/lpcxpresso_8.2.2_650/lpcxpresso/tools/bin/../lib/gcc/arm-none-eabi/5.4.1/../../../../arm-none-eabi/lib/armv7-m\libstdc++.a(si_class_type_info.o)
                0x0000e334                __cxxabiv1::__si_class_type_info::__do_find_public_src(int, void const*, __cxxabiv1::__class_type_info const*, void const*) const
 .text._ZNK10__cxxabiv120__si_class_type_info11__do_upcastEPKNS_17__class_type_infoEPKvRNS1_15__upcast_resultE
                0x0000e370       0x2c c:/nxp/lpcxpresso_8.2.2_650/lpcxpresso/tools/bin/../lib/gcc/arm-none-eabi/5.4.1/../../../../arm-none-eabi/lib/armv7-m\libstdc++.a(si_class_type_info.o)
                0x0000e370                __cxxabiv1::__si_class_type_info::__do_upcast(__cxxabiv1::__class_type_info const*, void const*, __cxxabiv1::__class_type_info::__upcast_result&) const
 .text._ZN10__cxxabiv121__vmi_class_type_infoD2Ev
                0x0000e39c       0x14 c:/nxp/lpcxpresso_8.2.2_650/lpcxpresso/tools/bin/../lib/gcc/arm-none-eabi/5.4.1/../../../../arm-none-eabi/lib/armv7-m\libstdc++.a(vmi_class_type_info.o)
                0x0000e39c                __cxxabiv1::__vmi_class_type_info::~__vmi_class_type_info()
                0x0000e39c                __cxxabiv1::__vmi_class_type_info::~__vmi_class_type_info()
 .text._ZN10__cxxabiv121__vmi_class_type_infoD0Ev
                0x0000e3b0       0x1c c:/nxp/lpcxpresso_8.2.2_650/lpcxpresso/tools/bin/../lib/gcc/arm-none-eabi/5.4.1/../../../../arm-none-eabi/lib/armv7-m\libstdc++.a(vmi_class_type_info.o)
                0x0000e3b0                __cxxabiv1::__vmi_class_type_info::~__vmi_class_type_info()
 .text._ZNK10__cxxabiv121__vmi_class_type_info20__do_find_public_srcEiPKvPKNS_17__class_type_infoES2_
                0x0000e3cc       0x7c c:/nxp/lpcxpresso_8.2.2_650/lpcxpresso/tools/bin/../lib/gcc/arm-none-eabi/5.4.1/../../../../arm-none-eabi/lib/armv7-m\libstdc++.a(vmi_class_type_info.o)
                0x0000e3cc                __cxxabiv1::__vmi_class_type_info::__do_find_public_src(int, void const*, __cxxabiv1::__class_type_info const*, void const*) const
 .text._ZNK10__cxxabiv121__vmi_class_type_info12__do_dyncastEiNS_17__class_type_info10__sub_kindEPKS1_PKvS4_S6_RNS1_16__dyncast_resultE
                0x0000e448      0x398 c:/nxp/lpcxpresso_8.2.2_650/lpcxpresso/tools/bin/../lib/gcc/arm-none-eabi/5.4.1/../../../../arm-none-eabi/lib/armv7-m\libstdc++.a(vmi_class_type_info.o)
                0x0000e448                __cxxabiv1::__vmi_class_type_info::__do_dyncast(int, __cxxabiv1::__class_type_info::__sub_kind, __cxxabiv1::__class_type_info const*, void const*, __cxxabiv1::__class_type_info const*, void const*, __cxxabiv1::__class_type_info::__dyncast_result&) const
 .text._ZNK10__cxxabiv121__vmi_class_type_info11__do_upcastEPKNS_17__class_type_infoEPKvRNS1_15__upcast_resultE
                0x0000e7e0      0x150 c:/nxp/lpcxpresso_8.2.2_650/lpcxpresso/tools/bin/../lib/gcc/arm-none-eabi/5.4.1/../../../../arm-none-eabi/lib/armv7-m\libstdc++.a(vmi_class_type_info.o)
                0x0000e7e0                __cxxabiv1::__vmi_class_type_info::__do_upcast(__cxxabiv1::__class_type_info const*, void const*, __cxxabiv1::__class_type_info::__upcast_result&) const
 .text._ZNSt9type_infoD2Ev
                0x0000e930        0x4 c:/nxp/lpcxpresso_8.2.2_650/lpcxpresso/tools/bin/../lib/gcc/arm-none-eabi/5.4.1/../../../../arm-none-eabi/lib/armv7-m\libstdc++.a(tinfo.o)
                0x0000e930                std::type_info::~type_info()
                0x0000e930                std::type_info::~type_info()
 .text._ZNKSt9type_info15__is_function_pEv
                0x0000e934        0x4 c:/nxp/lpcxpresso_8.2.2_650/lpcxpresso/tools/bin/../lib/gcc/arm-none-eabi/5.4.1/../../../../arm-none-eabi/lib/armv7-m\libstdc++.a(tinfo.o)
                0x0000e934                std::type_info::__is_pointer_p() const
                0x0000e934                std::type_info::__is_function_p() const
 .text._ZNKSt9type_infoeqERKS_
                0x0000e938       0x2c c:/nxp/lpcxpresso_8.2.2_650/lpcxpresso/tools/bin/../lib/gcc/arm-none-eabi/5.4.1/../../../../arm-none-eabi/lib/armv7-m\libstdc++.a(tinfo.o)
                0x0000e938                std::type_info::operator==(std::type_info const&) const
 .text._ZNK10__cxxabiv117__class_type_info11__do_upcastEPKS0_PPv
                0x0000e964       0x38 c:/nxp/lpcxpresso_8.2.2_650/lpcxpresso/tools/bin/../lib/gcc/arm-none-eabi/5.4.1/../../../../arm-none-eabi/lib/armv7-m\libstdc++.a(class_type_info.o)
                0x0000e964                __cxxabiv1::__class_type_info::__do_upcast(__cxxabiv1::__class_type_info const*, void**) const
 .text._ZNK10__cxxabiv117__class_type_info20__do_find_public_srcEiPKvPKS0_S2_
                0x0000e99c        0xc c:/nxp/lpcxpresso_8.2.2_650/lpcxpresso/tools/bin/../lib/gcc/arm-none-eabi/5.4.1/../../../../arm-none-eabi/lib/armv7-m\libstdc++.a(class_type_info.o)
                0x0000e99c                __cxxabiv1::__class_type_info::__do_find_public_src(int, void const*, __cxxabiv1::__class_type_info const*, void const*) const
 .text._ZN10__cxxabiv117__class_type_infoD2Ev
                0x0000e9a8       0x14 c:/nxp/lpcxpresso_8.2.2_650/lpcxpresso/tools/bin/../lib/gcc/arm-none-eabi/5.4.1/../../../../arm-none-eabi/lib/armv7-m\libstdc++.a(class_type_info.o)
                0x0000e9a8                __cxxabiv1::__class_type_info::~__class_type_info()
                0x0000e9a8                __cxxabiv1::__class_type_info::~__class_type_info()
 .text._ZN10__cxxabiv117__class_type_infoD0Ev
                0x0000e9bc       0x1c c:/nxp/lpcxpresso_8.2.2_650/lpcxpresso/tools/bin/../lib/gcc/arm-none-eabi/5.4.1/../../../../arm-none-eabi/lib/armv7-m\libstdc++.a(class_type_info.o)
                0x0000e9bc                __cxxabiv1::__class_type_info::~__class_type_info()
 .text._ZNK10__cxxabiv117__class_type_info11__do_upcastEPKS0_PKvRNS0_15__upcast_resultE
                0x0000e9d8       0x18 c:/nxp/lpcxpresso_8.2.2_650/lpcxpresso/tools/bin/../lib/gcc/arm-none-eabi/5.4.1/../../../../arm-none-eabi/lib/armv7-m\libstdc++.a(class_type_info.o)
                0x0000e9d8                __cxxabiv1::__class_type_info::__do_upcast(__cxxabiv1::__class_type_info const*, void const*, __cxxabiv1::__class_type_info::__upcast_result&) const
 .text._ZNK10__cxxabiv117__class_type_info12__do_dyncastEiNS0_10__sub_kindEPKS0_PKvS3_S5_RNS0_16__dyncast_resultE
                0x0000e9f0       0x40 c:/nxp/lpcxpresso_8.2.2_650/lpcxpresso/tools/bin/../lib/gcc/arm-none-eabi/5.4.1/../../../../arm-none-eabi/lib/armv7-m\libstdc++.a(class_type_info.o)
                0x0000e9f0                __cxxabiv1::__class_type_info::__do_dyncast(int, __cxxabiv1::__class_type_info::__sub_kind, __cxxabiv1::__class_type_info const*, void const*, __cxxabiv1::__class_type_info const*, void const*, __cxxabiv1::__class_type_info::__dyncast_result&) const
 .text._ZNK10__cxxabiv117__class_type_info10__do_catchEPKSt9type_infoPPvj
                0x0000ea30       0x2c c:/nxp/lpcxpresso_8.2.2_650/lpcxpresso/tools/bin/../lib/gcc/arm-none-eabi/5.4.1/../../../../arm-none-eabi/lib/armv7-m\libstdc++.a(class_type_info.o)
                0x0000ea30                __cxxabiv1::__class_type_info::__do_catch(std::type_info const*, void**, unsigned int) const
 .text.fabs     0x0000ea5c        0x8 c:/nxp/lpcxpresso_8.2.2_650/lpcxpresso/tools/bin/../lib/gcc/arm-none-eabi/5.4.1/../../../../arm-none-eabi/lib/armv7-m\libm.a(lib_a-s_fabs.o)
                0x0000ea5c                fabs
 .text._sbrk    0x0000ea64       0x3c c:/nxp/lpcxpresso_8.2.2_650/lpcxpresso/tools/bin/../lib/gcc/arm-none-eabi/5.4.1/../../../../arm-none-eabi/lib/armv7-m\libcr_newlib_nohost.a(_cr_sbrk.o)
                0x0000ea64                _sbrk
 .text.__check_heap_overflow
                0x0000eaa0       0x18 c:/nxp/lpcxpresso_8.2.2_650/lpcxpresso/tools/bin/../lib/gcc/arm-none-eabi/5.4.1/../../../../arm-none-eabi/lib/armv7-m\libcr_newlib_nohost.a(_cr_check_heap.o)
                0x0000eaa0                __check_heap_overflow
 .text          0x0000eab8       0x5c c:/nxp/lpcxpresso_8.2.2_650/lpcxpresso/tools/bin/../lib/gcc/arm-none-eabi/5.4.1/armv7-m\crtbegin.o
 .text          0x0000eb14       0x2c c:/nxp/lpcxpresso_8.2.2_650/lpcxpresso/tools/bin/../lib/gcc/arm-none-eabi/5.4.1/armv7-m\libgcc.a(_arm_unorddf2.o)
                0x0000eb14                __unorddf2
                0x0000eb14                __aeabi_dcmpun
 .text          0x0000eb40       0x40 c:/nxp/lpcxpresso_8.2.2_650/lpcxpresso/tools/bin/../lib/gcc/arm-none-eabi/5.4.1/armv7-m\libgcc.a(_arm_fixunsdfsi.o)
                0x0000eb40                __aeabi_d2uiz
                0x0000eb40                __fixunsdfsi
 .text          0x0000eb80      0x9e4 c:/nxp/lpcxpresso_8.2.2_650/lpcxpresso/tools/bin/../lib/gcc/arm-none-eabi/5.4.1/armv7-m\libgcc.a(unwind-arm.o)
                0x0000ee40                _Unwind_GetCFA
                0x0000ee44                __gnu_Unwind_RaiseException
                0x0000eea4                __gnu_Unwind_ForcedUnwind
                0x0000eeb8                __gnu_Unwind_Resume
                0x0000eefc                __gnu_Unwind_Resume_or_Rethrow
                0x0000ef10                _Unwind_Complete
                0x0000ef14                _Unwind_DeleteException
                0x0000ef20                _Unwind_VRS_Get
                0x0000ef6c                _Unwind_VRS_Set
                0x0000efbc                __gnu_Unwind_Backtrace
                0x0000f308                __aeabi_unwind_cpp_pr0
                0x0000f30c                __aeabi_unwind_cpp_pr1
                0x0000f310                __aeabi_unwind_cpp_pr2
                0x0000f314                _Unwind_VRS_Pop
 .text          0x0000f564      0x1ac c:/nxp/lpcxpresso_8.2.2_650/lpcxpresso/tools/bin/../lib/gcc/arm-none-eabi/5.4.1/armv7-m\libgcc.a(libunwind.o)
                0x0000f564                __restore_core_regs
                0x0000f564                restore_core_regs
                0x0000f57c                __gnu_Unwind_Restore_VFP
                0x0000f584                __gnu_Unwind_Save_VFP
                0x0000f58c                __gnu_Unwind_Restore_VFP_D
                0x0000f594                __gnu_Unwind_Save_VFP_D
                0x0000f59c                __gnu_Unwind_Restore_VFP_D_16_to_31
                0x0000f5a4                __gnu_Unwind_Save_VFP_D_16_to_31
                0x0000f5ac                __gnu_Unwind_Restore_WMMXD
                0x0000f5f0                __gnu_Unwind_Save_WMMXD
                0x0000f634                __gnu_Unwind_Restore_WMMXC
                0x0000f648                __gnu_Unwind_Save_WMMXC
                0x0000f65c                ___Unwind_RaiseException
                0x0000f65c                _Unwind_RaiseException
                0x0000f680                _Unwind_Resume
                0x0000f680                ___Unwind_Resume
                0x0000f6a4                _Unwind_Resume_or_Rethrow
                0x0000f6a4                ___Unwind_Resume_or_Rethrow
                0x0000f6c8                _Unwind_ForcedUnwind
                0x0000f6c8                ___Unwind_ForcedUnwind
                0x0000f6ec                ___Unwind_Backtrace
                0x0000f6ec                _Unwind_Backtrace
 .text          0x0000f710      0x354 c:/nxp/lpcxpresso_8.2.2_650/lpcxpresso/tools/bin/../lib/gcc/arm-none-eabi/5.4.1/armv7-m\libgcc.a(pr-support.o)
                0x0000f768                __gnu_unwind_execute
                0x0000fa0c                __gnu_unwind_frame
                0x0000fa34                _Unwind_GetRegionStart
                0x0000fa40                _Unwind_GetLanguageSpecificData
                0x0000fa54                _Unwind_GetTextRelBase
                0x0000fa5c                _Unwind_GetDataRelBase
 .text.abort    0x0000fa64       0x10 c:/nxp/lpcxpresso_8.2.2_650/lpcxpresso/tools/bin/../lib/gcc/arm-none-eabi/5.4.1/../../../../arm-none-eabi/lib/armv7-m\libc.a(lib_a-abort.o)
                0x0000fa64                abort
 .text._raise_r
                0x0000fa74       0x58 c:/nxp/lpcxpresso_8.2.2_650/lpcxpresso/tools/bin/../lib/gcc/arm-none-eabi/5.4.1/../../../../arm-none-eabi/lib/armv7-m\libc.a(lib_a-signal.o)
                0x0000fa74                _raise_r
 .text.raise    0x0000facc       0x10 c:/nxp/lpcxpresso_8.2.2_650/lpcxpresso/tools/bin/../lib/gcc/arm-none-eabi/5.4.1/../../../../arm-none-eabi/lib/armv7-m\libc.a(lib_a-signal.o)
                0x0000facc                raise
 .text._kill_r  0x0000fadc       0x28 c:/nxp/lpcxpresso_8.2.2_650/lpcxpresso/tools/bin/../lib/gcc/arm-none-eabi/5.4.1/../../../../arm-none-eabi/lib/armv7-m\libc.a(lib_a-signalr.o)
                0x0000fadc                _kill_r
 .text._getpid_r
                0x0000fb04        0x4 c:/nxp/lpcxpresso_8.2.2_650/lpcxpresso/tools/bin/../lib/gcc/arm-none-eabi/5.4.1/../../../../arm-none-eabi/lib/armv7-m\libc.a(lib_a-signalr.o)
                0x0000fb04                _getpid_r
 .text._exit    0x0000fb08        0x2 c:/nxp/lpcxpresso_8.2.2_650/lpcxpresso/tools/bin/../lib/gcc/arm-none-eabi/5.4.1/../../../../arm-none-eabi/lib/armv7-m\libcr_newlib_nohost.a(_exit.o)
                0x0000fb08                _exit
 *fill*         0x0000fb0a        0x2 ff
 .text._getpid  0x0000fb0c       0x10 c:/nxp/lpcxpresso_8.2.2_650/lpcxpresso/tools/bin/../lib/gcc/arm-none-eabi/5.4.1/../../../../arm-none-eabi/lib/armv7-m\libcr_newlib_nohost.a(getpid.o)
                0x0000fb0c                _getpid
 .text._kill    0x0000fb1c       0x10 c:/nxp/lpcxpresso_8.2.2_650/lpcxpresso/tools/bin/../lib/gcc/arm-none-eabi/5.4.1/../../../../arm-none-eabi/lib/armv7-m\libcr_newlib_nohost.a(kill.o)
                0x0000fb1c                _kill
 *(.rodata .rodata.*)
 .rodata.PinMap_CAN_RD
                0x0000fb2c       0x3c ./mbed-src/targets/hal/TARGET_NXP/TARGET_LPC176X/can_api.o
 .rodata.PinMap_CAN_TD
                0x0000fb68       0x3c ./mbed-src/targets/hal/TARGET_NXP/TARGET_LPC176X/can_api.o
 .rodata.timing_pts
                0x0000fba4       0xb8 ./mbed-src/targets/hal/TARGET_NXP/TARGET_LPC176X/can_api.o
 .rodata        0x0000fc5c       0x17 ./mbed-src/targets/hal/TARGET_NXP/TARGET_LPC176X/can_api.o
 *fill*         0x0000fc73        0x1 ff
 .rodata        0x0000fc74       0x2e ./mbed-src/targets/hal/TARGET_NXP/TARGET_LPC176X/gpio_irq_api.o
 *fill*         0x0000fca2        0x2 ff
 .rodata.PinMap_PWM
                0x0000fca4       0xb4 ./mbed-src/targets/hal/TARGET_NXP/TARGET_LPC176X/pwmout_api.o
 .rodata        0x0000fd58       0x1a ./mbed-src/targets/hal/TARGET_NXP/TARGET_LPC176X/pwmout_api.o
 *fill*         0x0000fd72        0x2 ff
 .rodata.PinMap_UART_TX
                0x0000fd74       0x6c ./mbed-src/targets/hal/TARGET_NXP/TARGET_LPC176X/serial_api.o
 .rodata.PinMap_UART_RX
                0x0000fde0       0x6c ./mbed-src/targets/hal/TARGET_NXP/TARGET_LPC176X/serial_api.o
 .rodata        0x0000fe4c       0xa6 ./mbed-src/targets/hal/TARGET_NXP/TARGET_LPC176X/serial_api.o
 *fill*         0x0000fef2        0x2 ff
 .rodata._ZTVN4mbed3CANE
                0x0000fef4       0x10 ./mbed-src/common/CAN.o
                0x0000fef4                vtable for mbed::CAN
 .rodata._ZTIN4mbed3CANE
                0x0000ff04        0x8 ./mbed-src/common/CAN.o
                0x0000ff04                typeinfo for mbed::CAN
 .rodata._ZTSN4mbed3CANE
                0x0000ff0c        0xc ./mbed-src/common/CAN.o
                0x0000ff0c                typeinfo name for mbed::CAN
 .rodata._ZTVN4mbed8FileBaseE
                0x0000ff18       0x10 ./mbed-src/common/FileBase.o
                0x0000ff18                vtable for mbed::FileBase
 .rodata._ZTIN4mbed8FileBaseE
                0x0000ff28        0x8 ./mbed-src/common/FileBase.o
                0x0000ff28                typeinfo for mbed::FileBase
 .rodata._ZTSN4mbed8FileBaseE
                0x0000ff30       0x11 ./mbed-src/common/FileBase.o
                0x0000ff30                typeinfo name for mbed::FileBase
 *fill*         0x0000ff41        0x3 ff
 .rodata._ZTVN4mbed8FileLikeE
                0x0000ff44       0x3c ./mbed-src/common/FileLike.o
                0x0000ff44                vtable for mbed::FileLike
 .rodata._ZTIN4mbed8FileLikeE
                0x0000ff80       0x20 ./mbed-src/common/FileLike.o
                0x0000ff80                typeinfo for mbed::FileLike
 .rodata._ZTSN4mbed8FileLikeE
                0x0000ffa0       0x11 ./mbed-src/common/FileLike.o
                0x0000ffa0                typeinfo name for mbed::FileLike
 *fill*         0x0000ffb1        0x3 ff
 .rodata._ZTVN4mbed11InterruptInE
                0x0000ffb4       0x10 ./mbed-src/common/InterruptIn.o
                0x0000ffb4                vtable for mbed::InterruptIn
 .rodata._ZTIN4mbed11InterruptInE
                0x0000ffc4        0x8 ./mbed-src/common/InterruptIn.o
                0x0000ffc4                typeinfo for mbed::InterruptIn
 .rodata._ZTSN4mbed11InterruptInE
                0x0000ffcc       0x15 ./mbed-src/common/InterruptIn.o
                0x0000ffcc                typeinfo name for mbed::InterruptIn
 *fill*         0x0000ffe1        0x3 ff
 .rodata._ZTVN4mbed6SerialE
                0x0000ffe4       0x44 ./mbed-src/common/Serial.o
                0x0000ffe4                vtable for mbed::Serial
 .rodata._ZTIN4mbed6SerialE
                0x00010028       0x20 ./mbed-src/common/Serial.o
                0x00010028                typeinfo for mbed::Serial
 .rodata._ZTSN4mbed6SerialE
                0x00010048        0xf ./mbed-src/common/Serial.o
                0x00010048                typeinfo name for mbed::Serial
 *fill*         0x00010057        0x1 ff
 .rodata._ZTIN4mbed10SerialBaseE
                0x00010058        0x8 ./mbed-src/common/Serial.o
                0x00010058                typeinfo for mbed::SerialBase
 .rodata._ZTSN4mbed10SerialBaseE
                0x00010060       0x14 ./mbed-src/common/Serial.o
                0x00010060                typeinfo name for mbed::SerialBase
 .rodata        0x00010074        0x7 ./mbed-src/common/Stream.o
 *fill*         0x0001007b        0x1 ff
 .rodata._ZTVN4mbed6StreamE
                0x0001007c       0x44 ./mbed-src/common/Stream.o
                0x0001007c                vtable for mbed::Stream
 .rodata._ZTIN4mbed6StreamE
                0x000100c0        0xc ./mbed-src/common/Stream.o
                0x000100c0                typeinfo for mbed::Stream
 .rodata._ZTSN4mbed6StreamE
                0x000100cc        0xf ./mbed-src/common/Stream.o
                0x000100cc                typeinfo name for mbed::Stream
 *fill*         0x000100db        0x1 ff
 .rodata        0x000100dc       0x48 ./mbed-src/common/pinmap_common.o
 .rodata.__stdin_name
                0x00010124        0x7 ./mbed-src/common/retarget.o
                0x00010124                __stdin_name
 *fill*         0x0001012b        0x1 ff
 .rodata.__stdout_name
                0x0001012c        0x8 ./mbed-src/common/retarget.o
                0x0001012c                __stdout_name
 .rodata.__stderr_name
                0x00010134        0x8 ./mbed-src/common/retarget.o
                0x00010134                __stderr_name
 .rodata        0x0001013c        0xe ./mbed-src/common/retarget.o
 *fill*         0x0001014a        0x2 ff
 .rodata._ZTVN4mbed10FileHandleE
                0x0001014c       0x2c ./mbed-src/common/retarget.o
                0x0001014c                vtable for mbed::FileHandle
 .rodata._ZTIN4mbed10FileHandleE
                0x00010178        0x8 ./mbed-src/common/retarget.o
                0x00010178                typeinfo for mbed::FileHandle
 .rodata._ZTSN4mbed10FileHandleE
                0x00010180       0x14 ./mbed-src/common/retarget.o
                0x00010180                typeinfo name for mbed::FileHandle
 .rodata.str1.4
                0x00010194        0x2 c:/nxp/lpcxpresso_8.2.2_650/lpcxpresso/tools/bin/../lib/gcc/arm-none-eabi/5.4.1/../../../../arm-none-eabi/lib/armv7-m\libc.a(lib_a-impure.o)
 *fill*         0x00010196        0x2 ff
 .rodata._global_impure_ptr
                0x00010198        0x4 c:/nxp/lpcxpresso_8.2.2_650/lpcxpresso/tools/bin/../lib/gcc/arm-none-eabi/5.4.1/../../../../arm-none-eabi/lib/armv7-m\libc.a(lib_a-impure.o)
                0x00010198                _global_impure_ptr
 .rodata.blanks.7055
                0x0001019c       0x10 c:/nxp/lpcxpresso_8.2.2_650/lpcxpresso/tools/bin/../lib/gcc/arm-none-eabi/5.4.1/../../../../arm-none-eabi/lib/armv7-m\libc.a(lib_a-svfprintf.o)
 .rodata.str1.4
                0x000101ac       0x42 c:/nxp/lpcxpresso_8.2.2_650/lpcxpresso/tools/bin/../lib/gcc/arm-none-eabi/5.4.1/../../../../arm-none-eabi/lib/armv7-m\libc.a(lib_a-svfprintf.o)
 *fill*         0x000101ee        0x2 ff
 .rodata.zeroes.7056
                0x000101f0       0x10 c:/nxp/lpcxpresso_8.2.2_650/lpcxpresso/tools/bin/../lib/gcc/arm-none-eabi/5.4.1/../../../../arm-none-eabi/lib/armv7-m\libc.a(lib_a-svfprintf.o)
 .rodata.str1.4
                0x00010200        0x5 c:/nxp/lpcxpresso_8.2.2_650/lpcxpresso/tools/bin/../lib/gcc/arm-none-eabi/5.4.1/../../../../arm-none-eabi/lib/armv7-m\libc.a(lib_a-svfscanf.o)
 *fill*         0x00010205        0x3 ff
 .rodata.basefix.7019
                0x00010208       0x22 c:/nxp/lpcxpresso_8.2.2_650/lpcxpresso/tools/bin/../lib/gcc/arm-none-eabi/5.4.1/../../../../arm-none-eabi/lib/armv7-m\libc.a(lib_a-svfscanf.o)
 *fill*         0x0001022a        0x2 ff
 .rodata.blanks.7070
                0x0001022c       0x10 c:/nxp/lpcxpresso_8.2.2_650/lpcxpresso/tools/bin/../lib/gcc/arm-none-eabi/5.4.1/../../../../arm-none-eabi/lib/armv7-m\libc.a(lib_a-vfprintf.o)
 .rodata.str1.4
                0x0001023c       0x42 c:/nxp/lpcxpresso_8.2.2_650/lpcxpresso/tools/bin/../lib/gcc/arm-none-eabi/5.4.1/../../../../arm-none-eabi/lib/armv7-m\libc.a(lib_a-vfprintf.o)
 .rodata.zeroes.7071
                0x0001023c       0x10 c:/nxp/lpcxpresso_8.2.2_650/lpcxpresso/tools/bin/../lib/gcc/arm-none-eabi/5.4.1/../../../../arm-none-eabi/lib/armv7-m\libc.a(lib_a-vfprintf.o)
 .rodata._ctype_
                0x0001024c      0x101 c:/nxp/lpcxpresso_8.2.2_650/lpcxpresso/tools/bin/../lib/gcc/arm-none-eabi/5.4.1/../../../../arm-none-eabi/lib/armv7-m\libc.a(lib_a-ctype_.o)
                0x0001024c                _ctype_
 *fill*         0x0001034d        0x3 ff
 .rodata.str1.4
                0x00010350       0x10 c:/nxp/lpcxpresso_8.2.2_650/lpcxpresso/tools/bin/../lib/gcc/arm-none-eabi/5.4.1/../../../../arm-none-eabi/lib/armv7-m\libc.a(lib_a-dtoa.o)
                                 0x12 (size before relaxing)
 .rodata.str1.4
                0x00010360        0xa c:/nxp/lpcxpresso_8.2.2_650/lpcxpresso/tools/bin/../lib/gcc/arm-none-eabi/5.4.1/../../../../arm-none-eabi/lib/armv7-m\libc.a(lib_a-locale.o)
                                 0x12 (size before relaxing)
 .rodata.str1.4
                0x0001036a        0x1 c:/nxp/lpcxpresso_8.2.2_650/lpcxpresso/tools/bin/../lib/gcc/arm-none-eabi/5.4.1/../../../../arm-none-eabi/lib/armv7-m\libc.a(lib_a-mbrtowc.o)
 *fill*         0x0001036a        0x6 ff
 .rodata.__mprec_tens
                0x00010370       0xc8 c:/nxp/lpcxpresso_8.2.2_650/lpcxpresso/tools/bin/../lib/gcc/arm-none-eabi/5.4.1/../../../../arm-none-eabi/lib/armv7-m\libc.a(lib_a-mprec.o)
                0x00010370                __mprec_tens
 .rodata.__mprec_bigtens
                0x00010438       0x28 c:/nxp/lpcxpresso_8.2.2_650/lpcxpresso/tools/bin/../lib/gcc/arm-none-eabi/5.4.1/../../../../arm-none-eabi/lib/armv7-m\libc.a(lib_a-mprec.o)
                0x00010438                __mprec_bigtens
 .rodata.p05.5396
                0x00010460        0xc c:/nxp/lpcxpresso_8.2.2_650/lpcxpresso/tools/bin/../lib/gcc/arm-none-eabi/5.4.1/../../../../arm-none-eabi/lib/armv7-m\libc.a(lib_a-mprec.o)
 *fill*         0x0001046c        0x4 ff
 .rodata.tinytens
                0x00010470       0x28 c:/nxp/lpcxpresso_8.2.2_650/lpcxpresso/tools/bin/../lib/gcc/arm-none-eabi/5.4.1/../../../../arm-none-eabi/lib/armv7-m\libc.a(lib_a-strtod.o)